ASSICURAZIONI GENERALI 
FONDIARIA-SAI 
INTESA SANPAOLOVITA 
MEDIOLANUM 
POSTEVITA 
ASSICURAZIONI GENERALI 
INTESA SANPAOLOVITA 
UNIPOL GRUPPO FINANZIARIO 
ALLIANZ 
ALLEANZA TORO
ALLIANZ 
UNIPOL ASSICURAZIONI 
FONDIARIA-SAI 
INA ASSITALIA 
CATTOLICA ASSICURAZIONI 
SOCIETA’REALEMUTUA DIASSICURAZIONI
MILANO ASSICURAZIONI 
MILANO 
CREDITRAS VITA 
AVIVA ITALIA HOLDING 
BNL VITA 
RIASSICURAZIONE
AVIVA 
CNP UNICREDITVITA 
AXA ITALIA
AXA ASSICURAZIONI 
SOCIETA’ REALE MUTUA DI ASSICURAZIONI 
REALE MUTUA DI ASSICURAZIONI
AXAMPSASSICURAZIONIVITA 
CREDITAGRICOLEVITA 
GROUPAMA ASSICURAZIONI 
AXA MPS ASSICURAZIONI VITA
GENERTELLIFE 
CARIGEVITA NUOVA 
FIDEURAMVITA 
ZURICH INVESTMENTS LIFE 
VITTORIA ASSICURAZIONI 
VITTORIAASSICURAZIONI 
LOMBARDA VITA 
ITALIANA ASSICURAZIONI 
SARA ASSICURAZIONI 
AVIVA VITA 
CREDEMVITA
CARIGE RD ASSICURAZIONI E RIASSICURAZIONI 
CARIGE VITA NUOVA 
ZURICHINVESTMENTS LIFE
UNIQAASSICURAZIONI 
ARCA VITA 
ITASMUTUA 
BIPIEMMEVITA 
HDI ASSICURAZIONI 
CHIARAVITA 
AVIVA ITALIA 
FATA ASSICURAZIONI DANNI 
EUROVITAASSICURAZIONI 
RB VITA 
ITAS MUTUA
GENERTEL 
ERGO PREVIDENZA 
GENIALLOYD SOCIETA’ PER AZIONI DI ASSICURAZIONI 
FATA VITA 
POPOLARE VITA 
BERICA VITA 
ASSIMOCO 
EUROP ASSISTANCE ITALIA 
MOVIMENTO COOPERATIVO 
LIGURIA SOCIETA’DI ASSICURAZIONI 
UNIQA LIFE 
UBIASSICURAZIONI 
UNISALUTE 
INTESA SANPAOLO ASSICURA 
CBA VITA 
CARDIFASSICURAZIONI 
CBAVITA 
COMPAGNIA ASSICURATRICE LINEAR 
EULER HERMES SIAC 
BCCVITACOMPAGNIADIASSICURAZIONIVITA
ITAS VITA 
ZURICH LIFE AND PENSIONS 
NATIONALE SUISSE 
UNIQA PREVIDENZA 
AVIPOP VITA 
BIMVITA 
SIAT 
ALICO ITALIA 
COFACE 
ERGOASSICURAZIONI 
ARCA ASSICURAZIONI
UNIQA PROTEZIONE 
DUOMO UNI ONE ASSICURAZIONI 
NATIONALE SUISSE 
ZURITEL 
TUA ASSICURAZIONI 
AXAMPSASSICURAZIONIDANNI 
PRAMERICA LIFE 
BANCASSURANCE POPOLARI 
SACE BT 
CATTOLICA PREVIDENZA 
ARAGASSICURAZIONI RISCHIAUTOMOBILISTICI E GENERALI
CREDITRAS ASSICURAZIONI 
ZURICH LIFE INSURANCE ITALIA 
HELVETIAVITA 
AVIPOP ASSICURAZIONI 
AVIVA PREVIDENZA 
NET INSURANCE 
FILO DIRETTOASSICURAZIONI 
SARA VITA 
ASSICURATRICE MILANESE 
LEASSICURAZIONIDIROMA
MUTUAASSICURATRICEROMANA 
PADANAASSICURAZIONI 
QUIXA 
INCONTRA ASSICURAZIONI 
NET INSURANCE LIFE 
NATIONALE SUISSE VITA 
SAN MINIATO PREVIDENZA 
PRONTO ASSISTANCE 
DAS 
DIFESA AUTOMOBILISTICA SINISTRI 
ARISCOMCOMPAGNIA DIASSICURAZIONI 
ALA ASSICURAZIONI 
POSTEASSICURA 
CREDEMASSICURAZIONI 
DIALOGO ASSICURAZIONI 
AVIVA LIFE 
RISPARMIO & PREVIDENZA 
L’ASSICURATRICE ITALIANA VITA 
SYSTEMA COMPAGNIA DI ASSICURAZIONI 
UNIQA ASSICURAZIONI 
CHIARAASSICURAZIONI 
CREDITAGRICOLEASSICURAZIONI 
NET INSURANCE 
ANTONIANAVENETA POPOLAREVITA 
AXA INTERLIFE COMPAGNIA DI ASSICURAZIONI SULLA VITA
MEDIOLANUMASSICURAZIONI 
ASSICURATRICE VAL PIAVE
CFASSICURAZIONI 
ABC ASSICURA 
ELBA COMPAGNIA DIASSICURAZIONI E RIASSICURAZIONI 
UCAASSICURAZIONE SPESE LEGALI E PERITALI 
INCHIARO ASSICURAZIONI 
LIGURIA VITA 
BCC ASSICURAZIONI 
ANTONIANAVENETA POPOLAREASSICURAZIONI 
APULIA PREVIDENZA 
RIASSICURAZIONE SULLAVITA 
