ENI
EXOR 
ENEL
FIAT 
ENI 
ENI TRADING & SHIPPING 
GSE 
TELECOM ITALIA
FIAT INDUSTRIAL 
ENEL TRADE 
GME 
FIAT GROUP AUTOMOBILES 
FINMECCANICA
ESSO ITALIANA
SAIPEM 
EDIZIONE 
EDISON
SARAS
RIVA FIRE
POSTE ITALIANE 
ENEL SERVIZIO ELETTRICO
ENEL ENERGIA
TOTALERG
KUWAIT PETROLEUM ITALIA
PRYSMIAN
AU
ENEL DISTRIBUZIONE
ERG
POLIMERI EUROPA
SUPERMARKETS ITALIANI
AUTOGRILL
FERROVIE DELLO STATO ITALIANE
LUXOTTICA GROUP
ENEL SERVIZIO ELETTRICO
TOTALERG
A2A
ILVA 
FININVEST
EDISON
PIRELLI & C.
SAIPEM
WIND TELECOMUNICAZIONI
TRENITALIA
EDISON TRADING
POLIMERI EUROPA
VOLKSWAGEN GROUP ITALIA
IVECO
ITALMOBILIARE
ITALCEMENTI
DE AGOSTINI
COFIDE
PARMALAT
MARCEGAGLIA
MEDIASET
SHELL ITALIA
HERA
NUOVO PIGNONE HOLDING
BARILLA HOLDING
API 
MARCEGAGLIA
PIRELLI TYRE
IBM ITALIA
EDISON ENERGIA
A2A TRADING
ATLANTIA 
ALITALIA
NUOVO PIGNONE
TAMOIL ITALIA
IREN
TAMOIL ITALIA
SNAM
ACEA
CREMONINI
COSTA CROCIERE
DANIELI & C.
A. MENARINI INDUSTRIE FARMACEUTICHE RIUNITE
KME GROUP
LOTTOMATICA GROUP
LOGISTA ITALIA
IREN MERCATO
UNICOOP FIRENZE
RAI
SEVEL
FINELDO
AUCHAN
AUTOSTRADE PER L’ITALIA
INDESIT COMPANY
FERRERO
BUZZI UNICEM
RTI
ABB
MAIRE TECNIMONT
VERONESI HOLDING
PRADA
ABB
GRUPPO PAM
FINTECNA
FERRERO
BMW ITALIA
FINIPER
BURGO GROUP
GRIMALDI COMPAGNIA
AGUSTAWESTLAND 
MEDIAMARKET
PERFETTI VAN MELLE
THYSSENKRUPP ACCIAI SPECIALI TERNI
FINARVEDI
COMIFAR
FINCANTIERI
BARILLA G. E R. FRATELLI
PUBLITALIA ‘80
EGP  
ENEL GREEN POWER
IBM ITALIA
Q8 QUASER
MOSSI & GHISOLFI
TECNIMONT
SMA
FORD ITALIA
FPT INDUSTRIAL
ISAB
ACEA ENERGIA
COOP ADRIATICA
ENERGETIC SOURCE
ESPRINET
H3G
ENERGETIC SOURCE
SATA
RCS MEDIAGROUP
A2A ENERGIA
HERA COMM
IMPREGILO 
BENETTON GROUP
IES
AVIO
SORGENIA
ALENIA AERONAUTICA
FINCANTIERI
AURELIA
HERA TRADING
COMIFAR DISTRIBUZIONE
ASTALDI
SNAM
BURGO GROUP
PAC 2000 A
LUCCHINI
MICHELIN ITALIANA
CLN
COILS LAMIERE NASTRI
CASE NEW HOLLAND ITALIA
FERRARI
GIORGIO ARMANI
GRUPPO UNICOMM
FINOIL
GENERAL MOTORS ITALIA
SIEMENS
FASTWEB
RENAULT ITALIA
PFIZER ITALIA
ARCOLA PETROLIFERA
IKEA ITALIA HOLDING
ACCIAIERIA ARVEDI 
MAPEI
E.ON PRODUZIONE
IKEA ITALIA RETAIL
IPLOM
UNILEVER ITALIA MKT
IMMSI
TERNA
RETE ELETTRICA NAZIONALE
BENNET HOLDING
BENCOM
FIAT POWERTRAIN TECHNOLOGIES
SPRINET
ASPIAG SERVICE
SIB
SOCIETA’ ITALIANA BRICOLAGE
AVIO
PIAGGIO & C.
TERNA
ARNOLDO MONDADORI EDITORE
PRADA
AFV
DANIELI & C.
SIDERURGICA INVESTIMENTI 
SOFIDEL
CONAD DEL TIRRENO
GRUPPO LACTALIS ITALIA
ARTSANA
MERCK SERONO
HEWLETT-PACKARD ITALIANA
NESTLE’ ITALIANA
SANOFI - AVENTIS
PAC 2000 A
CALTAGIRONE
DE’ LONGHI
STMICROELECTRONICS
CHIMET 
SECI 
SALINI COSTRUTTORI
COOP ESTENSE
ONLY THE BRAVE
CITROËN ITALIA
NOVARTIS FARMA
SASOL ITALY
ALPIQ ITALIA
ERICSSON TELECOMUNICAZIONI 
AUTOGRILL 
SACMI
WHIRLPOOL EUROPE
CALZEDONIA HOLDING
BENIND
TIRRENO POWER
ALPIQ ENERGIA ITALIA
ALI
HERA
DAVIDE CAMPARI-MILANO
GESCO CONSORZIO COOPERATIVO
LUIGI LAVAZZA
MAX MARA FASHION GROUP
BREMBO
PEUGEOT AUTOMOBILI ITALIA
ARISTON THERMO
CONAD DEL TIRRENO
RADICIFIN
CALZEDONIA
ANSALDO ENERGIA
MARR
COOP ESTENSE
ANSALDO STS
ANGELINI FINANZIARIA
ABBOTT
FRATELLI COSULICH
LUCCHINI
DALMINI
ITALIA MARITTIMA
RFI
RETE FERROVIARIA ITALIANA 
ITALGAS
SOGEFI
PERMASTEELISA
PROCTER & GAMBLE HOLDING
COCA-COLA HBC ITALIA 
ALPITOUR
ITALPREZIOSI
GI GROUP
ERMENEGILDO ZEGNA HOLDITALIA
FERALPI HOLDING 
FERALPI SIDERURGICA
SAME DEUTZ-FAHR GROUP
BRACCO
INDESIT COMPANY
ENEL SERVIZI
SAFILO GROUP
BIG 
IMPREGILO
ASCOPIAVE
EDENRED ITALIA
MANUTENCOOP SOCIETA’ COOPERATIVA 
ARVAL SERVICE LEASE ITALIA
BASELL POLIOLEFINE ITALIA
MANUTENCOOP FACILITY MANAGEMENT
HENKEL ITALIA
NOVARTIS FARMA
CVA
COMPAGNIA VALDOSTANA DELLE ACQUE
CHIESI FARMACEUTICI
RIV-SKF OFFICINE DI VILLAR PEROSA
RIVA ACCIAIO
ALSTOM FERROVIARIA
MIROGLIO
ADECCO ITALIA HOLDING DI PARTECIPAZIONE E SERVIZI
TREVI 
NOVA COOP
FIN FER
IMPRESA PIZZAROTTI & C.
UNICOMM
LEROY MERLIN ITALIA
KRAFT FOODS
ROCHE 
ADECCO ITALIA
COOP LOMBARDIA
CONAD
GIOCHI PREZIOSI
ALCATEL
LUCENT 
FATER 
DOLOMITI ENERGIA
DRST
GRANDI MAGAZZINI IL GIGANTE
SUPERMERCATI IL GIGANTE
BRT
SALVATORE FERRAGAMO
MAGNETI MARELLI
PIAGGIO & C. 
ACCIAIERIE VALBRUNA
KRAFT FOODS ITALIA
LIR 
SIPRA
ACCIAIERIE VENETE
GF GROUP
SEAT PG
EDIPOWER
SKF INDUSTRIE
FIN GO & FUEL
CONSERVE ITALIA SOCIETA’ COOPERATIVA AGRICOLA
OVIESSE
CANDY
CEMENTIR HOLDING
AURUBIS ITALIA 
ENIPOWER
L’OREAL ITALIA
CARRARO
BTICINO
ACCIAIERIE VENETE
CAMST
MANPOWER ITALIA
EGIDIO GALBANI
TOD’S 
SOFIDA
GRUPPO EDITORIALE L’ESPRESSO
GEOX
ELECTROLUX ITALIA
AUTOSTRADA TORINO-MILANO
GLAXOSMITHKLINE
MASSIMO ZANETTI BEVERAGE GROUP
CMC
COOPERATIVA MURATORI & CEMENTISTI
COOP CONSUMATORI NORDEST
DECATHLON ITALIA
SISAL HOLDING ISTITUTO DI PAGAMENTO
GRANLATTE SOCIETA’ COOPERATIVA AGRICOLA
TRASPORTI INTERNAZIONALI AGENZIA MARITTIMA SAVINO DEL BENE
GRANAROLO 
COOP CONSUMATORI NORDEST
GA OPERATIONS
ACCIAIERIE BERTOLI SAFAU
COFELY ITALIA
TENOVA 
MARAZZI GROUP
NORDICONAD
DOW ITALIA
BT ITALIA
AMPLIFIN
PARMALAT
FATER
SACMI
ECOFUEL
MSD ITALIA
SAME DEUTZ-FAHR ITALIA
ATM 
FERFINA
GRANAROLO
ALPITOUR
BRACCO IMAGING
ENA
ENAV
DHL
DHL EXPRESS
CARTIERE FEDRIGONI & C. 
MANUTENCOOP FACILITY MANAGEMENT
RECORDATI 
CCPL
TECHNIP ITALY
SIRAM
RAFFINERIA DI MILAZZO
ENGINEERING INGEGNERIA INFORMATICA
SANPELLEGRINO
SEAT PG 
AXUS ITALIANA
SORIN
SOCIETA’ ITALIANA PER CONDOTTE D’ACQUA
LIQUIGAS
COMET
PHILIPS
SAIMA AVANDERO
ARTSANA
COOP LIGURIA
RECKITT BENCKISER ITALIA
ENI FUEL NORD
ANSALDO STS
ARNOLDO MONDADORI EDITORE
IREN ENERGIA
COOP LIGURIA
ACCIAIERIE VALBRUNA
ALMAVIVA
CMC
D’AMICO SOCIETA’ DI NAVIGAZIONE
BONFIGLIOLI RIDUTTORI
ZOPPAS FINANZIARIA
SANPELLEGRINO
DE’LONGHI APPLIANCES
SELEX GALILEO
GEOX 
GI GROUP 
INFINEUM ITALIA
BP ITALIA
NORDICONAD
PETRONAS LUBRICANTS ITALY
SELEX ELSAG 
FINMECCANICA
POLYNT
LIQUIGAS
IMPRESA PIZZAROTTI & C.
VERONIKI HOLDING
WIS TELECOM
TNT GLOBAL EXPRESS
CO.FI.MO.
SCHNEIDER ELECTRIC
IMA 
TECNIMONT 
MERCATONE UNO HOLDING
SIGMA-TAU FINANZIARIA
SELEX SISTEMI INTEGRATI
GAS PLUS
ATM SERVIZI
AFV
ACCIAIERIE BELTRAME 
CONSERVE ITALIA SOCIETA’ COOPERATIVA AGRICOLA
TRENORD
PAVIMENTAL
LEASYS
THALES ALENIA SPACE ITALIA
ELI LILLY ITALIA
COGNE ACCIAI SPECIALI
AGSM
AZIENDA GENERALE SERVIZI MUNICIPALI DI VERONA
RAFFINERIA DI GELA
SALINI COSTRUTTORI
LVMH ITALIA
GHELLA
COOPSERVICE
SO.FARMA.MORRA 
CONAD ADRIATICO
CNS
CONSORZIO NAZIONALE SERVIZI
BONATTI
ENGIFIN
ALFA ACCIAI
MERIDIANA FLY
TECH DATA ITALIA
ATLANTICA DI NAVIGAZIONE
DANA ITALIA
ACQUA MINERALE SAN BENEDETTO
UNIECO
GEMINA 
GAS PLUS ITALIANA
AZIMUT BENETTI
SAVIOLA HOLDING
CONAD CENTRO NORD
IS HOLDING
FINANCO
MIROGLIO FASHION
TRAFILERIE CARLO GNUTTI
CONAD CENTRO NORD
DOW ITALIA DIVISIONE COMMERCIALE
MERIDIANA FLY
DANA ITALIA
FONDITAL GROUP 
CEVA LOGISTICS ITALIA
SCHENKER ITALIANA
CARAPELLI FIRENZE
COECLERICI
AZIMUT BENETTI
COLOROBBIA HOLDING
HONDA ITALIA INDUSTRIALE
SEA
SOCIETA’ ESERCIZI AEROPORTUALI
RCS QUOTIDIANI
ZAMBON COMPANY
FMA
FABBRICA MOTORI AUTOMOBILISTICI
BOLTON ALIMENTARI
SNAI
SOL
MARSEGLIA GROUP
LINEA GROUP HOLDING
BRISTOL MYERS SQUIBB
LORO PIANA
DICO
MASERATI
BAT ITALIA
MAXCOM PETROLI
ERG OIL SICILIA 
DAVIDE CAMPARI-MILANO
ACEGAS-APS
CONSORZIO LATTERIE VIRGILIO
POLYNT
SOCIETA’ ITALIANA PER CONDOTTE D’ACQUA
FEDRIGONI
BASF ITALIA 
INDUSTRIE CARTARIE TRONCHETTI
INARME
SALVATORE FERRAGAMO
MBDA ITALIA
SAFILO
A. MANZONI & C.
SIRTI 
RIELLO GROUP
NOVARTIS VACCINES & DIAGNOSTICS
BUNGE ITALIA
COGNE ACCIAI SPECIALI
SNAI 
CMB
VOLVO AUTO ITALIA
CROWN HOLDINGS ITALIA
SAINT-GOBAIN VETRI
TODINI COSTRUZIONI GENERALI
SIRTI 
SMURFIT KAPPA ITALIA 
ARCESE 
FIAMM
VALENTINO FASHION GROUP
P & R
BAYER HEALTHCARE MANUFACTURING
POWER-ONE ITALY
FERROLI 
BRIDGESTONE ITALIA
SERENISSIMA HOLDING
MONCLER
CONAD ADRIATICO
PRYSMIAN CAVI E SISTEMI ITALIA
RENO DE MEDICI
PILKINGTON ITALIA
PROCTER & GAMBLE
3M ITALIA 
DHL GLOBAL FORWARDING 
AQUAFIN HOLDING
AQUAFIL 
MAGAZZINI GABRIELLI
EPTA
MAPEI
SCA HYGIENE PRODUCTS
BONFIGLIOLI RIDUTTORI
BONATTI
GRUPPO MANNI HP 
UNIECO
UNIFARMA
LA DORIA
YARA ITALIA 
FENICE - QUALITA’ PER L’AMBIENTE
ISTITUTO POLIGRAFICO E ZECCA DELLO STATO
UNIGRA’ 
BERETTA HOLDING 
SCA PACKAGING ITALIA
NATUZZI 
SISAL SLOT
ARGO TRACTORS
GRANDI LAVORI FINCOSIT
FERCAM FINANCE
DUCATI MOTOR HOLDING
DENSO THERMAL SYSTEMS
ENGINEERING INGEGNERIA INFORMATICA
IMPRESA COSTRUZIONI GIUSEPPE MALTAURO
ZAMBON
CONSORZIO LATTERIE VIRGILIO
CIR
A2A
MARANGONI
ENIMED 
LG ELECTRONICS ITALIA
INTERPUMP GROUP
HP ENTERPRISE SERVICES ITALIA
IL SOLE 24 ORE
MESSAGGERIE ITALIANE DI GIORNALI RIVISTE E LIBRI
NATUZZI
ARNEG
ORI MARTIN ACCIAIERIA E FERRIERA DI BRESCIA
LA TRIVENETA CAVI
ACEA DISTRIBUZIONE
SCM GROUP 
GRUPPO EDITORIALE L’ESPRESSO
TODINI COSTRUZIONI GENERALI
SEA
O-I MANUFACTURING ITALY
ISTITUTO POLIGRAFICO E ZECCA DELLO STATO
FERRETTI
COOPSETTE
UNIGRA’
EURICOM
GRANDI LAVORI FINCOSIT 
DIESEL 
PRYSMIAN POWERLINK
GOLDEN LADY COMPANY 
OERLIKON GRAZIANO GROUP
LEASE PLAN ITALIA 
RIELLO 
CLN
COILS LAMIERE NASTRI 
ROCHE DIAGNOSTICS 
HEINZ ITALIA 
BORMIOLI ROCCO & FIGLIO
REPLY 
DIASORIN 
OFFICINE MACCAFERRI 
A4 HOLDING
COLUSSI 
EFFE 2005 GRUPPO FELTRINELLI
ROQUETTE ITALIA
OTIS 
DUCATI MOTOR HOLDING 
ATM
AZIENDA TRASPORTI MILANESI
IRCE
SISTEMI SOSPENSIONI 
OTO MELARA
ITALFARMACO
ALCOA TRASFORMAZIONI
UNIPEG
SALT 
DATALOGIC
ORI MARTIN ACCIAIERIA E FERRIERA DI BRESCIA
ERIDANIA SADAM
SMEG 
LOTTOMATICA GROUP
LORO PIANA 
PELLEGRINI
BREVINI GROUP
CEDI SISA CENTRO NORD
SODEXO ITALIA
ARGO TRACTORS 
TRWAUTOMOTIVE HOLDING ITALIA
T & M HOLDING
CAMST
COOPERATIVA ALBERGO MENSA SPETTACOLO E TURISMO
GUALA CLOSURES
KOELLIKER
ITEMA
GGP ITALY
SIAD
SOCIETA’ ITALIANA ACETILENE & DERIVATI 
ACEA 
ATO2 
ENEL RETE GAS
SDA EXPRESS COURIER
RADICI CHIMICA 
UNIPEG 
ACC COMPRESSORS
INDUSTRIE DE NORA 
RCS PUBBLICITA
TECNICA GROUP
LAMBERTI
ARVEDI TUBI ACCIAIO
IMPRESA DI COSTRUZIONI ING. E. MANTOVANI 
OERLIKON GRAZIANO
EUROVO 
PIETRO POZZONI E C.
IL SOLE 24 ORE
FIAMM
FABBRICA ITALIANA ACCUMULATORI MOTOCARRI MONTECCHIO
YAMA
FIDIA FARMACEUTICI 
ALMAVIVA
THE ITALIAN INNOVATION COMPANY
TECHNOGYM
ACRAF
AZIENDE CHIMICHE RIUNITE ANGELINI FRANCESCO
BIESSE
SORGENIA POWER
GRIMALDI COMPAGNIA DI NAVIGAZIONE 
RAFFMETAL
COMET
BUTAN GAS 
BOEHRINGER
ZANETTI 
BOMBARDIER TRANSPORTATION ITALY 
INDUSTRIES 
ACS DOBFAR
FRATELLI DE CECCO DI FILIPPO 
FARA SAN MARTINO
ZIGNAGO HOLDING
F.LLI POLI 
ELICA 
SOGEI
SOCIETA’GENERALE D’INFORMATICA
FERCAM 
FRANK
ARISTON THERMO
BRICOCENTER ITALIA
FOX PETROLIFERA ITALIANA
PASTIFICIO RANA 
ZANETTI
STOGIT
STOCCAGGI GAS ITALIA 
ALCAR UNO 
COOPSERVICE 
TOSCANA ENERGIA CLIENTI 
FINREGG 
BAULI 
GIV
GRUPPO ITALIANO VINI
SEVES 
SIGMA-TAU 
INDUSTRIE FARMACEUTICHE RIUNITE
GTT
GRUPPO TORINESE TRASPORTI
TEDDY 
SOLVAY SPECIALTY POLYMERS ITALY
SAMMONTANA
CORDIFIN
SSC 
SHARED SERVICE CENTER 
UPIM
DE RIGO
OPENJOBMETIS AGENZIA PER IL LAVORO
ITALTRACTOR ITM 
FOMAS HOP
HERAMBIENTE
EDEN
GEMEAZ CUSIN
VEDANI CARLO METALLI
OPENJOBMETIS AGENZIA PER IL LAVORO
DAIKIN AIR CONDITIONING ITALY
MARZOTTO
MANIFATTURA LANE GAETANO MARZOTTO & FIGLI
OBIETTIVO LAVORO
AGENZIA PER IL LAVORO
CIVIDALE 
GRANDI NAVI VELOCI
COMPAR
FOSTERWHEELER ITALIANA
AIR LIQUIDE ITALIA PRODUZIONE
GRANDI MOLINI ITALIANI
BUZZI UNICEM  
FERRETTI 
GRANDI MOLINI ITALIANI
WYETH LEDERLE 
CANDY HOOVER GROUP 
RAI CINEMA 
ENEL RETE GAS 
ALI 
PASFIN
CEFLA
UNIFARM 
UNIONE FARMACISTI TRENTINO-ALTO ADIGE
LA RINASCENTE 
LONATI
AMSA
AZIENDA MILANESE SERVIZI AMBIENTALI 
BENTINI
MONDOFIN
GOGLIO LUIGI MILANO 
RIZZANI DE ECCHER 
ARCELORMITTAL PIOMBINO
ILLYCAFFE’
COLUSSI 
MARTINI & ROSSI 
A. AGRATI 
ITT ITALIA 
STAR STABILIMENTO ALIMENTARE
MARAZZI GROUP 
AUTOSTRADA DEL BRENNERO
COECLERICI COAL AND FUELS 
TOTO HOLDING
LIBRERIE FELTRINELLI
SARPOM RAFFINERIA PADANA OLII MINERALI 
COMER INDUSTRIES
OUTOKUMPU 
EMBRACO EUROPE
SIA-SSB
DANONE
GIUSEPPE CITTERIO
S.A. EREDI GNUTTI METALLI 
HOLDING UMBERTO GNUTTI
EMBRACO EUROPE 
GAVIO 
GRANDIMAGAZZINI E SUPERMERCATI IL GIGANTE 
FASSA
ITINERA 
OBIETTIVO LAVORO 
AGENZIA PER IL LAVORO
ASKOLL HOLDING
FENICE
COMAU
ESAOTE 
SAVE
AEROPORTO DI VENEZIA-MARCO POLO
GGG
DELICARTA
SATAP
SOCIETA’ AUTOSTRADA TORINO-ALESSANDRIA-PIACENZA
ESTENERGY
ECO FOX 
ORIZZONTE
SISTEMI NAVALI 
CESI
COOPERATIVA EDIL-STRADE IMOLESE 
ITALSEMPIONE
PETRONAS LUBRICANTS ITALY
IRCE 
CALCESTRUZZI 
ENEL.SI
MRI
MANULI RUBBER INDUSTRIES
ALFAWASSERMANN
GIOCHI PREZIOSI
TECHINT COMPAGNIA TECNICA INTERNAZIONALE
PROGEO SOCIETA’ COOPERATIVA AGRICOLA
ENEL INGEGNERIA E INNOVAZIONE
IDROENERGIA
ACS DOBFAR 
LINEA PIU’
BITRON 
FASSA 
IN-FIRE
PIRELLI INDUSTRIE PNEUMATICI
NEW HOLLAND KOBELCO CONSTRUCTION MACHINERY 
RICOH ITALIA
OLIVETTI
NOKIA SIEMENS NETWORKS ITALIA
LINDT & SPRÜNGLI
VALVITALIA
NTT DATA ITALIA
AUTOMOTIVE LIGHTING
IGES
LUCCHINI RS 
SODALIS
ITEL 
PRIMA INDUSTRIE 
CDC
CDC POINT
UNICHIPS FINANZIARIA
CONSORZIO AGRARIO LOMBARDO VENETO
COMOLI, FERRARI E C.
IMPRESA TONON
EUROPAM
TECNOLOGIE DIESEL E SISTEMI FRENANTI
SUN CHEMICAL GROUP
BURGO DISTRIBUZIONE
AHLSTROMTURIN 
CARRARO DRIVE TECH 
GEWISS
HYDRO DOLOMITI ENEL
ARCESE TRASPORTI 
FINFLOOR 
COLACEM 
MARPOSS 
COIN 
AKZO NOBEL COATINGS
ALENIA AERMACCHI
SUZUKI ITALIA 
PRO-GEST
TAMPIERI FINANCIAL GROUP 
ITALSEMPIONE 
BG ITALIA POWER
SCM GROUP 
FIN.RE 
PASTIFICIO RANA 
UNICALCESTRUZZI
AUTOSTRADA DEL BRENNERO 
A2A RETI ELETTRICHE 
SCAT PUNTI VENDITA 
SAVIO MACCHINE TESSILI
AMBROSI INDUSTRIA CASEARIA
CDC
CDC POINT 
GMF
GRANDI MAGAZZINI FIORONI
CONSORZIO GRANTERRE - CASEIFICI E ALLEVAMENTI
SALOV
SOCIETA’ PER AZIONI LUCCHESE OLII E VINI
BLUE PANORAMA AIRLINES 
A4 HOLDING 
VERITAS
VENEZIANA ENERGIA RISORSE IDRICHE TERRITORIO AMBIENTE SERVIZI
ELICA 
IMPRESA COSTRUZIONI GIUSEPPE MALTAURO 
HERAMBIENTE
SOLVAY CHIMICA ITALIA
CONSORZIO AGRARIO LOMBARDO VENETO 
S.A. EREDI GNUTTI METALLI 
FANTONI 
BENTINI 
PANARIAGROUP INDUSTRIE CERAMICHE
COMITAL 
COMPAGNIA ITALIANA ALLUMINIO
ZIGNAGOVETRO
YOOX 
GAS NATURAL VENDITA ITALIA 
TIOXIDE EUROPE 
KERSELF
A2A CALORE & SERVIZI
VALVITALIA 
ANSALDO SISTEMI INDUSTRIALI
MOBY 
BEIERSDORF
COPROB 
COOPERATIVA PRODUTTORI BIETICOLI 
BIESSE 
UMANA 
RINO MASTROTTO GROUP 
PANAPESCA
GEFIN
GRUPPO ETRO
VALSABBIA INVESTIMENTI
FERRIERA VALSABBIA
I MANUFACTURING ITALY 
FRUTTITAL (
GEWISS
RENO DE MEDICI 
ELECTROLUX PROFESSIONAL
SIA-SSB
SIA
SSB 
FILENI SIMAR
MARTINI ALIMENTARE
CAIRO COMMUNICATION
LUCCHINI RS 
MONDADORI PRINTING
EVRAZ PALINI E BERTOLI
SANDVIK ITALIA 
CAMOZZI HOLDING
FIERA MILANO
DRILLMEC 
CASA OLEARIA ITALIANA 
ACEGAS-APS 
ACEGAS
APS
AMGA
AZIENDA MULTISERVIZI 
TENOVA 
GRUPPO MAURO SAVIOLA
F. DIVELLA
FIMAG 
PARMAREGGIO
GGP ITALY
TOZZI HOLDING 
ANSALDOBREDA 
TECHNOGYM 
FRATI LUIGI
SAN CARLO GRUPPO ALIMENTARE 
CICCOLELLA 
CARTIERE DEL GARDA
VESTAS NACELLES ITALIA
ALBINI & PITIGLIANI 
BIANCAMANO 
VM MOTORI 
AIMERI AMBIENTE 
SOCIETA’ ITALO BRITANNICA L.MANETTI-H.ROBERTS & C.
GIUNTI EDITORE
OSRAM 
SOCIETA’ RIUNITE OSRAM EDISON CLERICI
DUFERDOFIN - NUCOR 
DUFERDOFIN 
NUCOR 
SMEG 
BRACCO IMAGING 
ESSEX ITALY
ILLVA SARONNO HOLDING
FERROLI 
GRANITIFIANDRE
TISCALI 
RECORDATI 
INDUSTRIA CHIMICA E FARMACEUTICA 
ROSETTI MARINO 
CERVED GROUP 
BAXI 
BASSILICHI 
STERILGARDA ALIMENTI 
AUGUSTEA HOLDING
COOPERATIVA CERAMICA D’IMOLA
SIXTY 
JAS 
JET AIR SERVICE
TAMPIERI 
KERAKOLL
ENGINEERING.IT
PIAZZA ITALIA
SAPIO PRODUZIONE IDROGENO OSSIGENO
MOBY
CLARIANT
COOPERATIVA CERAMICA D’IMOLA
LATTERIA SORESINA 
F. DIVELLA
POLTRONA FRAU
SIELTE 
SAINT-GOBAIN PPC ITALIA
LA DORIA
GAMBRO DASCO 
SOCIETA’ENIPOWER FERRARA
FRESENIUS KABI ITALIA
SECI ENERGIA
PROGEO SOCIETA’ COOPERATIVA AGRICOLA 
ESSECO GROUP
SALOV
SOCIETA’PER AZIONI LUCCHESE OLII E VINI 
METALSERVICE
CARNJ 
LIBRERIE FELTRINELLI
ARCELORMITTAL DISTRIBUTION SOLUTIONS ITALIA
INTERNATIONAL PAPER ITALIA
SMAT 
SOCIETA’METROPOLITANA ACQUE TORINO 
MONDADORI DIRECT 
BASF POLIURETANI ITALIA
CEDACRI 
LANDI RENZO 
CERVED GROUP 
ITAL GREEN ENERGY
CONFIN 
GIV 
GRUPPO ITALIANOVINI 
GEMMO 
AMBROSI INDUSTRIA CASEARIA 
CEFLA 
VIANINI LAVORI
SIAE MICROELETTRONIC
VIANINI LAVORI 
LINDT & SPRÜNGLI
TECNICA GROUP 
ITALIA ZUCCHERI COMMERCIALE
MICRON TECHNOLOGY ITALIA
YOOX 
FALCK
CALEFFI 
FALCK RENEWABLES 
NTT DATA ITALIA 
LAMBERTI
CONTINENTAL ITALIA
VALEO
MELLIN 
CAVIRO
TAKEDA ITALIA FARMACEUTICI
GEMMO 
TELESPAZIO 
SIDERURGICA GABRIELLI
AEFFE
APRICA
AZIENDA PUBBLICA RICERCHE IGIENE CONTROLLO AMBIENTE
EIDA
SOCIETA’ IONICA GAS 
SYSTEM 
BASSILICHI 
SORIN GROUP ITALIA
IMMERFIN  
BRUNELLO CUCINELLI 
IGNAZIO MESSINA & C.
OM - CARRELLI ELEVATORI 
CRAB HOLDING
ITALSCANIA 
KONE
COFINVEST 
SUN CHEMICAL GROUP 
FERRARINI
TRASPORTI INTERNAZIONALI AGENZIA MARITTIMA SAVINO DEL BENE 
FLORIM CERAMICHE
SOFINTER 
METALMECCANICA TIBERINA
KIMBERLY-CLARK
VALENTINO 
VALENTINO FASHION
CAMEO
ALFAWASSERMANN 
SOGIN
SISAL 
SEALED AIR 
MONRIF
CHATEAU D’AX 
MOLTENI
BRANCA INTERNATIONAL
ARTONI GROUP
RCS LIBRI 
TELECOM ITALIA MEDIA 
STROILI ORO
LAMINAZIONE SOTTILE 
ENIPOWER MANTOVA 
EURAL GNUTTI
CARTIERA LUCCHESE 
SERENISSIMA RISTORAZIONE
SOCIETA’ GESTIONE IMPIANTI NUCLEARI
IGNAZIO MESSINA & C. 
CHINDLER
TECNIMONT KT - KINETICS TECHNOLOGY 
ILTA INOX 
LEVONI 
DU PONT DE NEMOURS ITALIANA 
RINO MASTROTTO GROUP 
DENSO MANUFACTURING ITALIA
NICE 
BUONGIORNO
BAG
DEMONT 
GIUSEPPE CITTERIO SALUMIFICIO
SYNGENTA CROP PROTECTION
COPROB
COOPERATIVA PRODUTTORI BIETICOLI
PROFILMEC
M & G POLIMERI ITALIA
RIVOIRA
SCARPE & SCARPE 
SOL  
ARTONI TRASPORTI 
FASHION BOX
OFFICINE METALLURGICHE G. CORNAGLIA
SOFFASS 
ANSALDO SISTEMI INDUSTRIALI 
SUINCOM
VESTAS ITALIA
RAIWAY 
CESARE FIORUCCI
METROPOLITANA MILANESE 
VIDEO TIME 
PLASTOTECNICA
MARCOLIN 
REPLY 
CLAI
COOPERATIVA LAVORATORI AGRICOLI IMOLESI
ELETTRONICA
SAECO INTERNATIONAL GROUP 
FIS 
FABBRICA ITALIANA SINTETICI
ORLANDI
IMA 
INDUSTRIA MACCHINE AUTOMATICHE
PRAMAC 
AMPLIFON
GIORDANO RIELLO INTERNATIONAL GROUP
ESAOTE 
VORWERK FOLLETTO 
SICAD
CONSORZIO CASALASCO DEL POMODORO
EXIDE TECHNOLOGIES 
CIMOLAI HOLDING 
POLIGRAFICI EDITORIALE 
MONDADORI PUBBLICITA’ 
SIPCAM
SOCIETA’ ITALIANA PRODOTTI CHIMICI PER ITALIANA PRODOTTI CHIMICI PER L’AGRICOLTURA MILANO
WORTHINGTON 
POSTEL 
CALTAGIRONE EDITORE
LONATI
MONFER
ARREDO PLAST
PUBLIKOMPASS 
MONFER 
ACCIAIERIE DI CALVISANO
ITALFARMACO
COOPERLAT
METROPOLITANA MILANESE
L’OREAL SAIPO INDUSTRIALE
FANTONI
TCA
TRATTAMENTI CENERI AUROARGENTIFERE
PRENATAL
METRA HOLDING
PANAPESCA
ZUCCHETTI GROUP
SIXTY 
ICEL 
INDUSTRIA CONDUTTORI ELETTRICI LUGO
SELCOM ELETTRONICA
PERNOD RICARD ITALIA
ROTTAPHARM
CESAB - CARRELLI ELEVATORI
INDUSTRIE CARTARIE TRONCHETTI
CIMOLAI
FIERA MILANO
EL.EN. 
FILA 
FABBRICA ITALIANA LAPIS ED AFFINI 
RADICI YARN 
GABEL
FAAC
CIFAWORLDWIDE
HOLDING UMBERTO GNUTTI
SLL GROUP
UFI FILTERS 
GGG
MARTELLI F.LLI 
SIAD 
SOCIETA’ ITALIANA ACETILENE & DERIVATI
YAMAHA MOTOR ITALIA
ACSM
AGAM
CERAMICHE ATLAS CONCORDE
CEMENTERIE ALDO BARBETTI
APOFRUIT ITALIA
SIEMENS HEALTHCARE DIAGNOSTICS 
DIAGEO OPERATIONS ITALY
FLINT GROUP ITALIA
LOG SERVICE EUROPE
ROSETTI MARINO
MM AUTOMOBILI ITALIA
EIGENMANN & VERONELLI
EMAK
NOVELIS ITALIA
PLASTIPAK ITALIA PREFORME
GRANLATTE SOCIETA’ COOPERATIVA AGRICOLA
ESSE INDUSTRIE DI SCAVOLINI ELVINO E VALTER & C.
LOWARA 
ELETTRONICA INDUSTRIALE
MEDUSA FILM
ERIDANIA SADAM
BRACCO
GRUPPO SOCIETA’GAS RIMINI 
BEAUTY BUSINESS HOLDING
SIMBA
FERRARI GIOVANNI INDUSTRIA CASEARIA
GRUPPO ARGENTA
GRUPPO FERRERO 
KELLOGG ITALIA
TOTO HOLDING
CASALGRANDE PADANA
OLD MILL HOLDING
INDUSTRIE ILPEA 
CVA
COMPAGNIA VALDOSTANA DELLE ACQUE
SCHINDLER
DIASORIN
ASTRA VEICOLI INDUSTRIALI
UNITED TECHNOLOGIES HOLDINGS ITALY
TYCO ELECTRONICS AMP ITALIA
SERVIZI ITALIA 
GE POWER CONTROLS HOLDING ITALIA 
TALCARN
ACMAR
ASSOCIAZIONE COOPERATIVA MURATORI & AFFINI RAVENNA
MULTISERVIZI 
ITALCOST
MILANO SERRAVALLE-MILANO TANGENZIALI
FIDIA FARMACEUTICI
KOMATSU UTILITY EUROPE
HOLCIM GRUPPO (ITALIA)
HOLCIM GRUPPO 
LIFIN
DANIELI AUTOMATION
GLAXOSMITHKLINE MANUFACTURING
ZUEGG
THALES ITALIA
STEFANEL
MANNI SIPRE
MORELLATO & SECTOR
PEG PEREGO
ITALCARNI
TECNIPLAST
COSTAN
LIGABUE
ZAMBON
ZML INDUSTRIES 
MANTUA SURGELATI
UNILEVER ITALIA MANUFACTURING
BORMIOLI LUIGI 
EUROITALIA 
GRUPPO CERAMICHE RICCHETTI
TEKSID
IRO
INDUSTRIE RIUNITE ODOLESI
COLABETON
L’ALCO GRANDI MAGAZZINI
COOPERLAT
A2A RETI GAS
PASTA ZARA
ASO HOLDING 
CEDACRI
FERRARINI
SOFTER
HYDRO ALUMINIUM SLIM
RAFFINERIA METALLI CAPRA
AMIAT 
AZIENDA MULTESERVIZI IGIENE AMBIENTALE TORINO
LOMBARDINI
IMAC
SIMAR
SOCIETA’METALLI MARGHERA
INTERSIDER ACCIAI
LOMBARDIA INFORMATICA
EDIZIONI CONDE’NAST
IRO 
INDUSTRIE RIUNITE ODOLESI
PANARIAGROUP INDUSTRIE CERAMICHE
FOSTERWHEELER ITALIANA
EURO SFIR ITALIA 
A. AGRATI
ONDULATI GIUSTI
VINCENZO ZUCCHI
ALFA LAVAL
CANALI HOLDING
TARGETTI SANKEY
SOLE
IMMERGAS 
SALMOIRAGHI & VIGANO’ 
AIR LIQUIDE ITALIA SERVICE
ACC COMPRESSORS
STARWOOD ITALIA
FINANZIARIA IL BELVEDERE
MASCHIO GASPARDO
LAVERDA
IMAC
AVENANCE ITALIA
LUXURY GOODS ITALIA
LU-VE
IRISBUS ITALIA
RAFFINERIA METALLI CAPRA
SOCIETA’ INVESTIMENTI DI MAURIZIO MARCHESINI & C.
ITALIANA COKE
MAGGIORE DI VITTORIO E CARMELO MAGGIORE & C.
SIAE MICROELETTRONICA
BERTANA 
FINBA 
CALEFFI
GRUPPO INDUSTRIALE TOSONI
OTIS SERVIZI
ROBERTO CAVALLI
SCAVOLINI
VENETA NASTRI
BORMIOLI LUIGI 
MARCEGAGLIA BUILDTECH
AERMEC
HAYES LEMMERZ
ALIVAL
ALIMENTARIA VALDINIEVOLE
ARTENIUS ITALIA
EIGENMANN &VERONELLI
MARZOTTO 
MANIFATTURA LANE GAETANO MARZOTTO & FIGLI
CUKI COFRESCO
EURICOM 
EUROPEAN RICE COMPANY
SCHAEFFLER ITALIA
SINI
CEMAT
COMBINED EUROPEAN MANAGEMENT AND TRANSPORTATION 
PROCTER & GAMBLE HOLDING
BIALETTI INDUSTRIE
SINI
SALT
SOCIETA’AUTOSTRADA LIGURE TOSCANA
AGILENT TECHNOLOGIES ITALIA
FURLA HOLDING
TERMOMECCANICA
CARCANO ANTONIO
FRATELLI AVERNA
INDUSTRIA CEMENTI GIOVANNI ROSSI 
ALCON ITALIA
MONTEFIBRE
EEMS ITALIA
PIAGGIO AERO INDUSTRIES
FINANZIARIA VALENTINI
ORV 
OVATTIFICIO RESINATURA VALPADANA
ZIGNAGOVETRO
DAMA
TYCO VALVES & CONTROLS ITALIA
MIROGLIO TEXTILE
LAMPLAST FINANZIARIA
GATE
FINOS 
FINANZIARIA OPERAZIONI SOCIETARIE
MITSUI & CO. ITALIA
RISO SCOTTI
FIP INDUSTRIALE
GRANITIFIANDRE 
POLIGRAFICI EDITORIALE
EATON
ACCIAIERIE DI SICILIA
ARNEG
BEGHELLI 
APOFRUIT ITALIA
BERTANA
VIARO
INDUSTRIE POLIECO-MPB 
CANALI
PIAGGIO AERO INDUSTRIES
SONY COMPUTER ENTERTAINMENT ITALIA
FINDER
FERRARELLE
OLIMPIAS
VIMAR 
SOILMEC
MEC-CARNI
CATELLI HOLDING
VERATOUR
BIFRANGI 
BAYER MATERIALSCIENCE
SOGECO 
SOCIETA’GENERALE CONSERVE
SGR SERVIZI
ORSI MAZZUCCHELLI
BAYER CROPSCIENCE
COSTER TECNOLOGIE SPECIALI
G &A MONTANARI & CO.
DE RIGOVISION
FABBRICA D’ARMI PIETRO BERETTA
TERNIENERGIA
NEXION 
ASKOLL P&C 
PIANETA COSPEA
UNIVAR
GIOVANNI CRESPI
ACEA 
GAMBRO HOSPAL
ITALFERR 
CRIS CONF
AVON COSMETICS
FRATI LUIGI
CANTINE RIUNITE & CIV
DAMA 
SITAF
SOCIETA’ ITALIANA TRAFORO AUTOSTRADALE DEL FREJUS
RIZZANI DE ECCHER
BREVINI POWER TRANSMISSION
REAGENS
COLOMBO COSTRUZIONI
B & B ITALIA
METRA 
METALLURGICA TRAFILATI ALLUMINIO
COOP COSTRUZIONI
MASCHIO GASPARDO
MERITOR HVS CAMERI
KRAFT FOODS ITALIA BISCUIT PRODUCTION
G6 RETE GAS
SANDOZ
ITAL BI-OIL
SAPA PROFILI 
TARANTO ENERGIA
COOP COSTRUZIONI
SAN DIEGO
CAVIRO 
SALVATORE MATARRESE
MONDO 
CELLOGRAFICA GEROSA
RCS PERIODICI
SYNGENTA CROP PROTECTION
COBRA AUTOMOTIVE TECHNOLOGIES
RAFFINERIA DI ROMA
IDB HOLDING
KODAK 
GUCCIO GUCCI
CLARIANT MASTERBATCHES 
FORGITAL ITALY
ANNONI
SASSI 
MARANGONI
ITER 
COOPERATIVA RAVENNATE DI INTERVENTI SUL TERRITORIO
MALESCI ISTITUTO FARMACOBIOLOGICO
LEITNER
GRIFORM
CONCERIA PASUBIO
RENCO 
SALMOIRAGHI &VIGANO
INVER
EMAK
METALLEGHE
MIRATO
FRIULIA 
FINANZIARIA REGIONALE FRIULI-VENEZIA GIULIA
PEPSICO BEVERAGES ITALIA
SACCI
SOCIETA’PERAZIONI CENTRALE CEMENTERIE ITALIANE
EMERSON NETWORK POWER
ATC 
SBE
SOCIETA’ BULLONERIA EUROPEA
SICAD
PRYSMIAN CAVI E SISTEMI
GOGLIO LUIGI MILANO
SODALCO
FASHION BOX 
ARINOX
BOTTERO FINANZIARIA
XEROX 
CAVIT CANTINA VITICOLTORI
OROGEL
AGSM 
AZIENDA GENERALE SERVIZI MUNICIPALI DI VERONA
KOMATSU UTILITY EUROPE
CAREL 
DAMIANI
CASA DAMIANI
NN EUROPE
CAFE’DO BRASIL
CURTI
NICHEL LEGHE
FAMECCANICA.DATA
TRS EVOLUTION
CONTER 
FABIO PERINI
BECTON DICKINSON ITALIA
P. ANTINORI
CRIS CONF
BB HOLDING
BRAZZALE
AGRIFORM 
SOFTER 
ATLAS COPCO ITALIA
ALPHABET ITALIA 
MEZZACORONA
SAES GETTERS
FNM
SABAF
AES TORINO
ZUEGG
FERROSIDER
IDEAL STANDARD ITALIA 
GKN DRIVELINE BRUNICO
FORALL CONFEZIONI
MARCHESINI GROUP
SPEA 
INGEGNERIA EUROPEA
ITALTRANS
HOTELPLAN ITALIA
OXON ITALIA
UNIFICA
INFRACOM ITALIA
DIAGEO ITALIA
CEME
CONAMIU 
AZIENDA MULTISERVIZI E D’IGIENE URBANA GENOVA 
ICR 
INDUSTRIE COSMETICHE RIUNITE
GRANDE JOLLY
FAGIOLI 
EATON
CHAM PAPER GROUP ITALIA
IGUZZINI ILLUMINAZIONE
TREOFAN ITALY
OLEIFICIO ZUCCHI
CONSORZIO AGRARIO DI RAVENNA
LUBE HOLDING
FRATELLI MARTINI SECONDO LUIGI 
ISAGRO
CHAM PAPER GROUP ITALIA 
INFRACOM ITALIA
GALLERIE COMMERCIALI ITALIA
TERNA RETE ITALIA
INTICOM
BIALETTI INDUSTRIE
GIBO’ CO.
B & B ITALIA
CSP INTERNATIONAL FASHION GROUP
ENEL SOLE
KEY SAFETY SYSTEMS
RELFIN
MARCOLIN
INDUSTRIE ROLLI ALIMENTARI
STARHOTELS
AUTOSTRADA DEI FIORI
CALLIGARIS
SOCIETA’ADRIATICA IDROCARBURI
BOBST GROUP ITALIA 
TEAMSYSTEM
SISAL MATCH POINT 
SISAL HOLDING ISTITUTO DI PAGAMENTO
TENACTA GROUP
LATTONEDIL
CODELFA
CAIRO COMMUNICATION
NOVELLINI
CORNELIANI
IMAP EXPORT
METALLEGHE
TELECOM ITALIA MEDIA
FRATELLI CARLI
CIFA 
COMPAGNIA ITALIANA FORME ACCIAIO
PIEMME 
CONCESSIONARIA DI PUBBLICITA
DE VIZIA TRANSFER
WALVOIL
ZANICHELLI EDITORE
GEODISWILSON ITALIA
ZEGNA BARUFFA-LANE BORGOSESIA
GEFRAN
GALBUSERA
ASO SIDERURGICA 
LUBE INDUSTRIES
COMECCFIN
METALWORK
HONEYWELL
ZEIS EXCELSA
POMELLATO
CEDOF 
CENTRO DISTRIBUZIONE ORTOFRUTTA
CROMODORAWHEELS
LATTONEDIL
FRO 
AIR LIQUIDEWELDING ITALIA
CALLIGARIS 
QUADRIFOGLIO SERVIZI AMBIENTALI AREA FIORENTINA
DOMPE’ FARMACEUTICI
SYNERGIE ITALIA AGENZIA PER IL LAVORO 
AMIU
AZIENDA MULTISERVIZI E D’IGIENE URBANA GENOVA
PEDROLLO
OFFICINE VICA 
PIBIVIESSE
VENETA CUCINE
IRSAP
DE VIZIA TRANSFER 
VALTELLINA
INTICOM
LA FORTEZZA
KIPRE HOLDING
FILATURA E TESSITURA DI TOLLEGNO
ZUCCHETTI
LA LINEA VERDE SOCIETA’AGRICOLA
SPA.PI
CORRADO ZAINI & C.
LANNUTTI
MUTTI
EDITRICE LA STAMPA
LUISA SPAGNOLI
LAMPRE
AEMTORINO DISTRIBUZIONE
PIETRO FIORENTINI
FERRERO MANGIMI
ACCOR HOSPITALITY ITALIA
ISOPAN
KUVERA
GEA PROCOMAC.
ROTOLITO LOMBARDA
CABOT ITALIANA 
PASTICCERIA BINDI
ATIVA 
AUTOSTRADA TORINO IVREA VALLE D’AOSTA
ABET LAMINATI
SABAF
SACAL 
SOCIETA’ALLUMINIO CARISIO
STARHOTELS
STREPARAVA HOLDING
CEMENTIR ITALIA
ASSEGNATARI ASSOCIATI ARBOREA
GRUPPO CIMBALI
KUVERA 
BOTTERO
S. POLO LAMIERE
PEDROLLO 
ATAHOTELS
FOMAS
DISANO ILLUMINAZIONE 
NICOTRA GEBHARDT
ARTEMIDE GROUP 
MEDIOLANUM FARMACEUTICI
GIACOMINI 
MARPOSS
SMS INNSE
CEIT IMPIANTI
KLOPMAN INTERNATIONAL
FONDITAL
FONDERIE ITALIANE NUOVA VALSABBIA
BAYERNLAND
SITTAM
SPEDIZIONI INTERNAZIONALI TRASPORTI TERRESTRI AEREI MARITTIMI
CORNELIANI
AUTONEUM ITALY
FORALL CONFEZIONI
NICE
ERG POWER
BCS
HOLDING OLIVOTTO
SEA HANDLING
GENERALE CONSERVE
INSO 
SISTEMI PER LE INFRASTRUTTURE SOCIALI
VINCENZO ZUCCHI
CERAMICHE CAESAR
AMA
ZE.FLOR
FINALPI 
CEMENTIZILLO 
RONAL ITALIA
UMBRA CUSCINETTI
SINTERAMA 
FINDER 
DOPLA
MORELLATO 
DOMPE’ 
FLOS 
FRESENIUS KABI ITALIA
ULTRAGAS CM 
GENERALE CONSERVE
ATAHOTELS
PREMUDA
SAATIGROUP 
SOFINTER 
RHODIA ITALIA
ANNOVI REVERBERI
INTERSTRADE
FAVINI HOLDING
CHEMTURA ITALY 
AEFFE
MANTUA SURGELATI
TELE SYSTEM ELECTRONIC
FINANZIARIA PER LO SVILUPPO TESSILE
TERMICA MILAZZO
CORGHI
GUALA CLOSURES
CANON ITALIA
LIMONTA
MAGNETI MARELLI AFTER MARKET PARTS AND SERVICES
BIOMERIEUX ITALIA
CASA VINICOLA ZONIN
EMSAR
RADICI NOVACIPS
MONINI
LAVERDA
ASK INDUSTRIES
ISA
INDUSTRIE SCAFFALATURE ARREDAMENTI
ACCIAIERIA DI RUBIERA
ABBOTT VASCULAR KNOLL RAVIZZA
DAINESE
FRANKE 
SAPIO LIFE 
MICRON SEMICONDUCTOR ITALIA
CALPEDA 
MAHLE COMPONENTI MOTORI ITALIA
CASAGRANDE
PAVAN
ESTRAL
CARLSBERG ITALIA 
BCS 
BALOCCO INDUSTRIA DOLCIARIA
LAMERI 
FRUTTAGEL
DIVERSEY
BASICNET
CENTRALE DEL LATTE DI ROMA
HYDRO BUILDING SYSTEMS 
SYSTEM
GEODIS ZUST AMBROSETTI
GALLAZZI
FRATELLI SACLA’ 
UNIFICA
INDEX
LUVATA ITALY 
PATHEON ITALIA 
FAGIOLI
T-SYSTEMS ITALIA
STEFANEL4
POLIFORM
STREPARAVA 
PLADA 
PLASMON DIETETICI ALIMENTARI
ZEGNA BARUFFA-LANE BORGOSESIA
CARRON CAV. ANGELO
CORA’DOMENICO & FIGLI
TOSCANA ENERGIA
INAER AVIATION ITALIA 
GARDALAND
LARIO RETI HOLDING
AIRTISSUE
ATIVA 
AUTOSTRADA TORINO IVREA VALLE D’AOSTA
POZZONI
GENNARO AURICCHIO
MIRATO
ELEMASTER TECNOLOGIE ELETTRONICHE
GIPAC 
TENACTA GROUP
TARROS
ZACH SYSTEM
ISPADUE
BÖHLER UDDEHOLM ITALIA 
CHEMTURA ITALY
FESTO
MEDIACONTECH 
FRAPI 
STABILIMENTO COLBACHINI 
AQUAFIL ENGINEERING PLASTICS 
CAV
CONCESSIONI AUTOSTRADALI VENETE
SPEEDLINE
COLOROBBIA ITALIA
ILLVA SARONNO
FAVINI
INDENA 
OFFICINE METALLURGICHE G. CORNAGLIA
FICEP 
FAR
FABBRICA ADESIVI RESINE
CORCOS INDUSTRIALE DI EXTERNA ITALIA
GIAGUARO
SACCI
SOCIETA’ PER AZIONI CENTRALE CEMENTERIE ITALIANE
GALLAZZI
POMELLATO
BASICITALIA
METALLURGICA SIDERFORGE
VENETA CUCINE
BULGARI ITALIA
AUTA MAROCCHI
BOLZONI 
ZEROQUATTRO
PAGLIERI
DIGITAL BROS 
SERENISSIMA CIR INDUSTRIE CERAMICHE
FIL MAN MADE GROUP 
MIGNINI & PETRINI
FABER INDUSTRIE 
PIETRO FIORENTINI
CAMPAGNOLO
GIOVANNI BOZZETTO
FABER INDUSTRIE 
ANGELANTONI INDUSTRIE
MIGNINI & PETRINI
HOLCIM 
OFFICINE MECCANICHE GIOVANNI CERUTTI
COMPAGNIA GENERALE TELEMAR
TESSILQUATTRO
GDM HOLDING
GEOX RETAIL 
BOERO BARTOLOMEO
MARNAVI 
SARINOX METALLI 
ELEMASTER TECNOLOGIE ELETTRONICHE
ISEO SERRATURE
FLUORSID
POLIFORM 
LA LINEA VERDE SOCIETA’ AGRICOLA
BIOGEN IDEC ITALIA
IGOR 
PADANIA ALIMENTI 
LANDI RENZO 
ALBINI & PITIGLIANI
CONAD SICILIA
KOELLIKER IMPORTAZIONI
NOVARTIS CONSUMER HEALTH
POLTRONA FRAU
GROUPE SEB ITALIA
IGOR
SVI 
SVILUPPO INDUSTRIALE 
ANTICHI PELLETTIERI
MORRIS PROFUMI
TESMEC
MARINI
ILCAM
PERMASTEELISA
CONSORZIO GRANTERRE - CASEIFICI E ALLEVAMENTI
SIT
SOCIETA’ ITALIANA TRASMISSIONI
LOTTO SPORT ITALIA
ANGELO RANDAZZO
M.S.AMBROGIO
PERFORMANCE INVESTMENTS
OXON ITALIA
SITAF
SOCIETA’ ITALIANA TRAFORO AUTOSTRADALE DEL FREJUS
VAILLANT SAUNIER DUVAL ITALIA
INDUSTRIE POLIECO-MPB
INDUSTRIE POLIECO
MPB
SAYERLACK
ROBERTO BUCCI E C.
GEODIS LOGISTICS 
MOTOVARIO 
ANNOVI REVERBERI
DEDAGROUP 
CLIVET 
FINCEA
BETA UTENSILI 
FESTO
RIGAMONTI SALUMIFICIO
MORRIS PROFUMI
STF
SALVATORE TRIFONE E FIGLI
SERIOPLAST
TESSITURA DI ROBECCHETTO CANDIANI
ALL.CO ALLUMINIO FINANZIARIA
GRUPPO CIMBALI
ZAMBON ITALIA 
LAFERT 
ACOTEL GROUP 
ALL.CO
ISAGRO 
MTN 
MESSAGGERIE TRASPORTI NAZIONALI
HEARST MAGAZINES ITALIA
ATOS
SANTAROSSA
MARNAVI 
INDUSTRIA CEMENTI GIOVANNI ROSSI
RECKITT BENCKISER HEALTHCARE 
PROFILMEC 
ERG RENEW 
SAPA 
ICR
INDUSTRIE COSMETICHE RIUNITE
FAEDA 
BIRRA FORST 
AIR DOLOMITI
LINEE AEREE REGIONALI EUROPEE
ZANICHELLI EDITORE
TAODUE 
TM E 
TERMOMECCANICA ECOLOGIA
ELAH-DUFOUR 
CYTEC ITALY
TECHINT COMPAGNIATECNICA INTERNAZIONALE
INDUSTRIA CHIMICA ADRIATICA 
FICEP
EXPRIVIA 
STANHOME 
SEMERARO PARTECIPAZIONI
POSTELPRINT
PAGLIERI 
PASTIFICIO LUCIO GAROFALO 
BECKMAN COULTER 
ARIN
AZIENDA RISORSE IDRICHE DI NAPOLI
SISME
SOCIETA’ ITALIANA STATORI E MOTORI ELETTRICI
RFT 
GESSI HOLDING
CAREL INDUSTRIES 
BIFRANGI
RENATO CORTI 
HEARST MAGAZINES ITALIA 
ITWAY 
AUTA MAROCCHI 
M-DIS DISTRIBUZIONE MEDIA
SIGEP 
PEG PEREGO
ASFO 
KEMET ELECTRONICS
FRATELLI SACLA’ 
ANSALDO CALDAIE 
BATTAGLIO GESTIONI
CESI
CENTRO ELETTROTECNICO SPERIMENTALE ITALIANO GIACINTO MOTTA
ALSTOM POWER ITALIA
NAPOLETANAGAS
COMPAGNIA NAPOLETANA DI ILLUMINAZIONE E SCALDAMENTO COL GAS
NORDA FINANZIARIA
ITALCHIMICI 
PERLEDO
SIKA ITALIA
ALI
AGENZIA PER IL LAVORO
MAZZUCCHELLI 1849
CECCATO ARIA COMPRESSA
TEKSID ALUMINUM
CENTRALE DEL LATTE DI TORINO & C.
OCME
IMER INTERNATIONAL
BRANDED APPAREL ITALIA
CRF 
CENTRO RICERCHE FIAT
CEMBRE
ARTI GRAFICHE REGGIANE & LAI 
RISO GALLO 
TRANCERIE EMILIANE
CARRIER 
MONIER 
ESTRAL
EMSAR 
INVER 
ITEMA 
SINV HOLDING
ORION
ORION SOCIETA’ COOPERATIVA 
IMPRESA GENERALE DI COSTRUZIONI
CORA’DOMENICO & FIGLI 
GE POWER CONTROLS ITALIA
IMOLA LEGNO
SAMP
ESSEX ITALIA
ORV MANUFACTURING
MECC ALTE
CLARIANT PRODOTTI
SGL CARBON
TESMEC
FABER
PARKER ITR
DEBORAH GROUP 
SAVE 
AEROPORTO DI VENEZIA-MARCO POLO
MAME’GROUP
ADB BROADBAND
ORION SOCIETA’ COOPERATIVA 
IMPRESA GENERALE DI COSTRUZIONI
IMOLA LEGNO
FORGIATURA MAME
AMIACQUE 
GRUPPO BUFFETTI
GRUPPO TESSILE MONTI 
ALLUFLON
GRUPPO RUSCALLA 
FOSBER 
LANIFICIO VITALE BARBERIS CANONICO
VALSIR 
SORELLE RAMONDA
SOGEFI REJNA
MRI
MANULI RUBBER INDUSTRIES
ACMAR
ASSOCIAZIONE COOPERATIVA MURATORI & AFFINI RAVENNA
POMETON
TILLMANNS
BEGHELLI
TITAN ITALIA
BONFERRARO
CARRARO 
TECNIPLAST 
LEVONI 
TURBOCARE 
PAULWURTH ITALIA 
MIRAGE GRANITO CERAMICO 
SANGALLI VETRO MANFREDONIA
TEVA PHARMACEUTICAL FINE CHEMICALS
NU AIR COMPRESSORS AND TOOLS 
NUOVO ISTITUTO ITALIANO D’ARTI GRAFICHE
COSIARMA
PRINCIPE DI SAN DANIELE 
CONSORZIO CASALASCO DEL POMODORO 
PEARSON ITALIA
SPE 
SOCIETA’ PUBBLICITA’ EDITORIALE
MATRIX
FAVA 
KARTELL
BASF CONSTRUCTION CHEMICALS ITALIA
NOSTROMO
SACBO 
SOCIETA’ PER L’AEROPORTO CIVILE DI BERGAMO ORIO AL SERIO
TERIM 
CORRIERE DELLO SPORT
MOLTENI & C.
CENTRALE DEL LATTE DI FIRENZE PISTOIA LIVORNO
THERMOWATT
GIULIANI 
ITALDESIGN-GIUGIARO 
ALCANTARA 
AIR LIQUIDE SANITA’ SERVICE
EUROTECH
SIPCAM
SOCIETA’ ITALIANA PRODOTTI CHIMICI PER L’AGRICOLTURA MILANO
BREDAMENARINIBUS
INDUSTRIE ROLLI ALIMENTARI
AEROPORTO G. MARCONI DI BOLOGNA
OFFICINE AMBROGIO MELESI E C.
KELEMATA
POMPEA
DECO INDUSTRIE
NUOVA RIWAL CERAMICHE 
CASAGRANDE 
RODARI
INFOCAMERE
HOPPE
LAMERI 
VHIT 
ALCHIMIA 
INDUSTRIE ILPEA 
LATTEBUSCHE 
LATTERIA DELLA VALLATA FELTRINA 
DIGITALIA 
MEDIASET
GEFRAN 
FINPAT DI AGOSTINO PATTI E C.
BIPAN 
API RAFFINERIA DI ANCONA 
CARVICO
V.BESANA
MIELE ITALIA 
MELCHIONI
TRENTINO TRASPORTI ESERCIZIO
SICOR 
SOCIETA’ ITALIANA CORTICOSTEROIDI
HYDRO ALLUMINIO ORNAGO 
LINDE MATERIAL HANDLING ITALIA
ILNOR
INDUSTRIA LAMINAZIONE NASTRI OTTONE E RAME
RATTI 
SAINT-GOBAIN GLASS ITALIA
SAINT
GOBAIN GLASS ITALIA
ARCONVERT
CFT
INTERMARINE
ALNOR ALLUMINIO NORD
PRIMA INDUSTRIE
GIUNTI EDITORE
IMC HOLDING
GMG GROUP
PRECA BRUMMEL
CANEP
FERROVIENORD
ZF PADOVA
VENTANA SERRA
CANTINA SOCIALE COOPERATIVA DI SOAVE
CIGA GESTIONI
IML 
CARIAGGI LANIFICIO
FIN ING - FINANZIARIA INGHIRAMI 
MERIDIANA
CHIMICA POMPONESCO 
VICENZI BISCOTTI 
CIBA VISION
IL MESSAGGERO 
OFFICINE MACCAFERRI
OCSA
OFFICINE DI CROCETTA 
GESTA
ANGELO PO GRANDI CUCINE
MICROTECNICA
GIULIO FIOCCHI 
IMAB GROUP 
CASA VINICOLA BOTTER CARLO & C. 
SIDERURGICA FERRO BULLONI
KINEXIA
GRUNDFOS POMPE ITALIA
CROMODORAWHEELS 
ROMA MULTISERVIZI
AUTOSTRADE MERIDIONALI 
INSIEL 
INFORMATICA PER IL SISTEMA DEGLI ENTI LOCALI 
POLTI
AUTOCAMIONALE DELLA CISA
L’ERBOLARIO
BODEGA G. E C. 
EDISON ENERGIE SPECIALI 
IVARS 
SADI SERVIZI INDUSTRIALI
COMPAGNIA DE’ FRESCOBALDI
ZACH SYSTEM 
CAPRARI
SOCIETA’ATHESIS 
ANGELO RANDAZZO
ILCAT 
METALFER
PRIDE 
CEMENTERIE ALDO BARBETTI
MANIFATTURE SIGARO TOSCANO
BEE TEAM
CODAP - COLA DAIRY PRODUCTS
CODAP 
COLA DAIRY PRODUCTS
METALSIDER
SIDERURGICA FIORENTINA
CERES
ZAMBAITI DISTRIBUZIONE TESSILE
TRAFILERIA A. MAURI E FIGLI 
CHIMEC
UNOAERRE INDUSTRIES
GAS NATURAL DISTRIBUZIONE ITALIA
FRI-EL ACERRA
KUONI ITALIA 
ROMANA CHIMICI
CSL BEHRING
BENELLI ARMI
GILMAR DIVISIONE INDUSTRIA
GRUPPO MINERALI MAFFEI
IMPRESA PIETRO CIDONIO
OCE’ ITALIA
BIFFI ITALIA
ABK GROUP INDUSTRIE CERAMICHE
OLDRATI GROUP 
MILANO RISTORAZIONE
UNIFLAIR
GRUPPO CEVICO 
CENTRO VINICOLO COOPERATIVO ROMAGNOLO
GREENVISION AMBIENTE
SUMITOMO CHEMICAL ITALIA
ALESSI
COSWELL
IMA INDUSTRIES
WHITEHEAD ALENIA SISTEMI SUBACQUEI
RAVAGLIOLI 
MOLINI TANDOI PELLEGRINO
ALVIERO MARTINI
SYNDIAL 
ATTIVITA’DIVERSIFICATE
BASF COATINGS
GIANNINO DISTRIBUZIONE
PRINOTH 
FAINPLAST 
FARAOTTI INDUSTRIE PLASTICHE
PIBIVIESSE
ACCIAIERIA FONDERIA CIVIDALE
GIANETTI RUOTE 
REAGENS 
POLYGLASS
ANTONIO CARRARO
MARCORA
AMA 
EFFEGI STYLE 
CEMBRE
RODOLFI MANSUETO
DIADORA SPORT
RCF GROUP
VESUVIUS ITALIA
DADA 
HAYES LEMMERZ 
ALI 
AGENZIA PER IL LAVORO
ASKOLL TRE 
COSTER TECNOLOGIE SPECIALI
COFRA
VRV
CONQORD OIL
SIME 
REGINA CATENE CALIBRATE
LATTERIA MONTELLO
CEVA FREIGHT ITALY
INDUSTRIE CERAMICHE PIEMME
SIKA ITALIA
FINCARTA
BIEFFE MEDITAL
ORSA FOAM
COBRA AUTOMOTI VETECHNOLOGIES
COBRAAUTOMOTIVETECHNOLOGIES
OLON 
MONDADORI EDUCATION
FILATURA E TESSITURA DI TOLLEGNO
ABIOGEN PHARMA
MG MINI GEARS 
PERINI NAVI
MAINETTI 
VALEO SERVICE ITALIA
E-WORK
BERLONI HOLDING
TRELLEBORG ENGINEERED SYSTEMS ITALY
CSP INTERNATIONAL FASHION GROUP
GABEL INDUSTRIA TESSILE
COLLINI LAVORI
SICREM 
SOCIETA’ INDUSTRIALE CREMONESE
CHEP ITALIA
ABAC ARIA COMPRESSA
TELE SYSTEM ELECTRONIC
MACCHINGRAF 
MACCHINE E ACCESSORI PER L’INDUSTRIA GRAFICA
GRUPPO RAGAINI
FRANCO TOSI MECCANICA
ABOCA
CORDEN PHARMA LATINA 
DOPPEL FARMACEUTICI
IDEAL STANDARD INDUSTRIALE
BIRRA FORST
ARTURO SALICE
PRAMAC
CAFAR 
SOCIETA’ AGRICOLA COOPERATIVA FRA ALLEVATORI ROMAGNOLI
ITALIANFOOD
CORRIERE DELLO SPORT
SAMP
FINAVAL HOLDING
KRAFT FOODS ITALIA SERVICES
FINGEN
ACQUALATINA
HEXAGON METROLOGY
D’AMICO SHIPPING ITALIA
SE HYDROPOWER
CERAMICHE MARCA CORONA
BRAWO 
BRASSWORKING
KSB ITALIA 
OLMO GIUSEPPE
ALESSANDERX 
MONCLER 
ARPA INDUSTRIALE
IBG SUD 
INDUSTRIA BEVANDE GASSATE 
BISTEFANI GRUPPO DOLCIARIO
SORIN BIOMEDICA CARDIO
TUBOSIDER
NUOVA SOLMINE 
METALWORK
DMAIL GROUP 
BARBERINI
FINPROJECT
RACCORDERIE METALLICHE
SCAME PARRE
INTERPUMP GROUP
GIESSE GRUPPO INDUSTRIALE
SIAT 
SOCIETA’ ITALIANA ACCIAI TRAFILATI
ARREDO 3 
NN EUROPE
SAIMA
FILA 
FABBRICA ITALIANA LAPIS ED AFFINI
I GRANDI VIAGGI
AUTOCARAVANS RIMOR
LANNUTTI
L’ALCO
FINSYSTEMS
AEROPORTO G. MARCONI DI BOLOGNA
SISMA
SILC 
SOCIETA’ ITALIANA LAVORAZIONE CELLULOSA
GRAFICHE MAZZUCCHELLI
MENU’
PBF 
SIDERALBA
CELLOGRAFICA GEROSA
DOW ITALIA 
CONSTA
BIELLA MANIFATTURE TESSILI
LU-VE
EAMSYSTEM
HIPAC 
VALLI ZABBAN
DIGITAL BROS
FINCIBEC 
FATRO 
SILCA
VALSOIA
AMICA CHIPS
CALPEDA
ELV 
GARDENIA FINANZIARIA
SYNGENTA SEEDS
ALU-PRO
ALFA LAVAL OLMI
DEDAGROUP
MEDIAGRAF 
TYCO ELECTRONICS AMP ITALIA PRODUCTS
LATTERIA SOCIALE VIPITENO
MAZDA MOTOR ITALIA
CONSORZIO COOPERATIVO LATTERIE FRIULANE
SAINT-GOBAIN SEKURIT ITALIA
CONTINENTAL BRAKES ITALY 
ALPI 
SANDOZ INDUSTRIAL PRODUCTS 
KNORR-BREMSE SISTEMI PER AUTOVEICOLI COMMERCIALI
PERNIGOTTI
PANDOLFO ALLUMINIO
ASCOPIAVE
NOBERASCO HOLDING
NEGRI BOSSI 
STF 
SALVATORE TRIFONE E FIGLI
BRENDOLAN PROSCIUTTI
ESTEL OFFICE
TVS
CAPRARI 
UTECO CONVERTING
SO.GE.MI.
BLUE FASHION GROUP
RE.LE.VI.
LANIFICIO LUIGI COLOMBO
MANTERO FINANZIARIA
FOSBER 
AEROVIAGGI
PIERALISI MAIP
STM 
SOMACIS GROUP
UNIFOR
ALTANA
ARTEMIDE
CORDIVARI
SANTA MARGHERITA 
RUBELLI 
PREALPI 
INDUSTRIA CASEARIA
ROEFIX
DOTT. A. GIUFFRE’ EDITORE 
HYDRO ALLUMINIO ATESSA
ISTITUTO DELLE VITAMINE
GRUPPO CERAMICHE RICCHETTI
CROWN CLOSURES ITALY
CAFFAREL
SPA 
SOCIETA’ PRODOTTI ANTIBIOTICI
SINTERAMA
AGRICOLA BERICA 
PRAXAIR
IRSAP 
INITIUM
MAURO BENEDETTI 
VALENTINO FASHION GROUP
VALDADIGE COSTRUZIONI 
PAINI RUBINETTERIE
ANGELO PO GRANDI CUCINE 
ISEO SERRATURE
MW ITALIA 
A & T EUROPE
VITALAIRE ITALIA
VILLANI
PIQUADRO
SAT 
SOCIETA’AEROPORTO TOSCANO GALILEO GALILEI
GEICO
F.LLI GANCIA & C.
ZOBELE HOLDING
TOMASONI TOPSAIL 
BEL ITALIA 
IMPRESA TRE COLLI
CARLO NOBILI RUBINETTERIE
LOMELLINA ENERGIA
CERAMICA SANT’AGOSTINO
AUTOSTRADA TORINO-SAVONA
MEZZACORONA
RONDINE 
SEVES 
ILLVA SARONNO H2
OLDRATI GUARNIZIONI INDUSTRIALI
POLIGRAFICI PRINTING
FRACARRO RADIOINDUSTRIE
OFFICINE LUIGI RESTA
HYDROS
HOLDING GRUPPO MARCHI
ARISTON THERMO INTERNATIONAL
OFFICINE MECCANICHE GIOVANNI CERUTTI
EUROGRAVURE
LES COPAINS HOLDING
FRATELLI AVERNA
VULCAFLEX
SAGAT 
SOCIETA’ AZIONARIA GESTIONE AEROPORTO TORINO
ATENA 
AZIENDA TERRITORIALE ENERGIA AMBIENTE VERCELLI
BANFI 
FRANZINI ANNIBALE
VALUE PARTNERS
PROCOND ELETTRONICA 
SELCOM ELETTRONICA
BOLZONI
HELENA RUBINSTEIN ITALIA
NISSAN ITALIA
LA FONTE 
TANGENZIALE DI NAPOLI 
NEOPHARMED GENTILI 
PAGLIERI SELL SYSTEM 
COSTRUZIONI MECCANICHE LUIGI BANDERA
FINANZIARIA GRUPPO BISAZZA
ITALPRESSE INDUSTRIE
LA FORTEZZA
MIRO RADICI FAMILY OF COMPANIES
GIBO’CO. 
SCREEN SERVICE BROADCASTING TECHNOLOGIES
ALBASIDER 
ETJCA 
IVG COLBACHINI 
STABILIMENTO COLBACHINI
MOTORI MINARELLI
RISTOCHEF 
RHEINMETALL ITALIA
FRATELLI POLLI
TRAFILATIMARTIN
CERAMICHE REFIN
SIMMEL DIFESA
FLOS
SEMATIC
CALME 
CALCE MERIDIONALE
TELWIN
NOVATION
LABOCOS 
RHOSS 
LAVIOSA MINERALS
CENTRALE DEL LATTE DI TORINO & C. 
MULTISERVIZI 
POLTI 
INDEL B 
BALLARINI PAOLO & FIGLI
PONTETORTO 
INGHIRAMI PRODUZIONE DISTRIBUZIONE
SARDEGNA RESORTS
SET DISTRIBUZIONE 
LNG SHIPPING
FERPLAST
GIOVANNI BOZZETTO
EI TOWERS
RCR CRISTALLERIA ITALIANA
ALERION CLEAN POWER
DIP 
DIFFUSIONE ITALIANA PREZIOSI
LAFERT
BETTER SILVER
CEMENTIZILLO
MAINETTI 
ERNESTO MALVESTITI
ITALIANA MEMBRANE
MECCANOTECNICA UMBRA
CORMO
WAM INDUSTRIALE 
MAULI 
LAVORWASH 
IMA-SAF
STEFANO RICCI
PERIODICI SAN PAOLO
SOCIETA’ ITALIANA PER IL TRAFORO DEL MONTE BIANCO
METALLURGICA ABRUZZESE
INDUSTRIE CIELO
RUFFINO 
MELEGATTI
LANIFICIO F.LLI CERRUTI
VRV
PININFARINA
CARLO ERBA REAGENTI
TERMICA CELANO
ACQUE POTABILI 
SOCIETA’ AZIONARIA PER LA CONDOTTA DI ACQUE POTABILI 
COSMIC BLUE TEAM 
COOPBOX GROUP 
METROWEB
MOLINO GRASSI
SOCIETA’ATHESIS 
GEA REFRIGERATION ITALY
SOLVAY FLUOR ITALIA
CALEFFI
DOLOMITI RETI
ROBUSCHI
MARE APERTO 
SELVA
IMERYS MINERALI
FBM
FORNACI BRIZIARELLI MARSCIANO
COELSANUS INDUSTRIA CONSERVE 
SAFAS GROUP
HUHTAMAKI
TORGGLER
BUONGIORNO
COLORIFICIO SAN MARCO
SUMMA
COFERMETAL
SAINT-GOBAIN PAM ITALIA
NETPACK
COMITAL 
COMPAGNIA ITALIANA ALLUMINIO
GREIF ITALIA
COEM
ILCAT
LA CASTELLANA
GRUPPO PIAZZETTA
POZZI GINORI
FILANTO
SAMSONITE
OCRIM 
ISTITUTO DELLA ENCICLOPEDIA ITALIANA
FEDERLEGNO ARREDO
CAM IL MONDO DEL BAMBINO
STONEFLY
BOTTO GIUSEPPE & FIGLI
SECO TOOLS ITALIA
LA GIOIOSA
EXPRIVIA 
ARIX
GESTIONE CENTRI COMMERCIALI
CAD IT 
VALVOSANITARIA BUGATTI
ALF INVEST
HANS ZIPPERLE 
MERANO
CSL
COGEI COSTRUZIONI
LEITWIND
PACIOTTI
TARGETTI SANKEY
FINCOM 
FINANZIARIA INDUSTRIA CONFEZIONI MONTECATINI
CARTIERE PAOLO PIGNA
QUARELLA
BERLONI
PAREN
SPW 
SPORTSWEAR COMPANY
IBL
ALTHEA
CAV. UFF. GIACOMO CIMBERIO
GOLDONI
ITWAY 
PAVER COSTRUZIONI 
CAVIRO DISTILLERIE
ALIITALIA
APRE 
DET
LASIS
Lasis
FILLEA









































































































































