Alleanza Assicurazioni
Autostrade
Autogrill 	
BNL		
Banche Pop. unite
Banca Antonveneta
Banche Pop. unite	
Banca Fideuram		
Banca Antonveneta	
Banca Intesa		
Banca Fideuram	
Banca MPS (Monte dei Paschi di Siena)
Banco Pop. VR e NO		
Banca MPS(Monte dei Paschi di Siena)	
Capitalia
Banca Pop. Milano	
Edison		
Banco Pop. VR e NO	
Enel		
Bulgari	
ENI			
FIAT		
Edison	
Finmeccanica			
Generali Assicurazioni
Luxottica		
Fastweb	
Mediaset		
Fiat	
Mediobanca		
Finmeccanica	
Mediolanum		
Fondiaria-SAI	
Pirelli		
Generali Assicurazioni	
RAS fraz.		
Gruppo l'Espresso	
Saipem		
Italcementi	
San Paolo		
Lottomatica	
SEAT		
Luxottica	
Snam rete gas	
Mediaset	
Stmicroelectronics
Telecom It.
Terna
Mondadori editori
Unicredito	
RAS fraz.	
TechSTAR
RCS
Mediagroup
Acotel group		
Saipem	
BB 
Biotech		
San Paolo 
IMI	
Buongiorno 
vitaminic		
SEAT 
pagine gialle	
CAD It.		
Snam rete gas	
Cairo Communication			
CDB Web tech.
Telecom It.
DADA
Datalogic			
Datamat		
MIDEX
Digital Bros.		
ACEA
Dmail group		
AEM	
El.En.		
ASM Brescia	
Engineering		
Autogrill spa	
Esprinet		
TO-MI	
Fidia		
Banca Pop. Italiana	
I.net		
Banca Pop. Milano	
IT Way		
Benetton group	
Mondo TV			
Poligraf		
Buzzi 
Unicem
CIR-Comp. Ind. Riunite			
CR Firenze	
TAS		
Credem	
E-solutions
Fineco
Fondiaria-SAI			
Gruppo l'Espresso	
Agip		
Hera	
Beghelli		
Ifil	
Beretta Armi		
Indesit company	
Black & Decker		
Italcementi	
Canon Italia		
Lottomatica	
Coca Cola		
Milano ass. ord.	
Eminflex
Mondadori
General Electric
RCS 
Mediagroup
IBM 
Unipol assicurazioni
Invicta
Kappa 
Lego
Luxottica
Mall
Mc Donalds		
AZINET	
Mentadent			
Merloni			
Motorola			
Nestle
Nokia	
Panasonic
Parmalat		
Philips		
Pigna		
Polaroid		
Procter & Gamble			
Psion			
Samsung
Scavolini
Sergio 
Tacchini
Siemens
Sharp
Teuco
Ticino
TIM
Toshiba
Vimar
Whirlpool
Xerox
Offshore company
FILLEA