UNICREDIT
INTESA SANPAOLO 
UNICREDIT 
INTESA SANPAOLO
BANCA MONTE DEI PASCHI DI SIENA 
BANCA IMI 
BANCO POPOLARE
UBI BANCA
BANCA NAZIONALE DEL LAVORO
MEDIOBANCA 
BANCA DI CREDITO FINANZIARIO
UBI BANCA 
BANCA POPOLARE DELL’EMILIA ROMAGNA
BANCA INFRASTRUTTURE INNOVAZIONE E SVILUPPO
MPS CAPITAL SERVICES BANCA PER LE IMPRESE
BANCA POPOLARE DI MILANO
DEXIA CREDIOP
CASSA DI RISPARMIO DI PARMA E PIACENZA
BANCA CARIGE
CASSA DI RISPARMIO DI GENOVA E IMPERIA
BANCA POPOLARE DI VICENZA
VENETO BANCA
BANCA POPOLARE DELL’EMILIA ROMAGNA
CREDITO EMILIANO
BANCA POPOLARE DI SONDRIO
VENETO BANCA
CREDITO VALTELLINESE 
BANCA PICCOLO CREDITO VALTELLINES
CREDITO EMILIANO
BANCA POPOLARE DI SONDRIO
DEUTSCHE BANK
BANCA POPOLARE DI BERGAMO
BANCA DELLE MARCHE
CASSA DI RISPARMIO DEL VENETO
BANCA ANTONVENETA
FINECOBANK BANCA FINECO
CREDITO VALTELLINESE 
BANCA PICCOLO CREDITO VALTELLINESE
BANCO DI BRESCIA SAN PAOLO CAB
CREDITO BERGAMASCO
BANCA CR FIRENZE 
CASSA DI RISPARMIO DI FIRENZE
MEDIOCREDITO ITALIANO
BANCA MEDIOLANUM
B@NCA 24-7
UNI BANCA
BANCA SELLA HOLDING
CHEBANCA!
BANCA ALETTI & C.
UNIPOL BANCA
BANCA POPOLARE DELL’ETRURIA E DEL LAZIO
BANCO DI SARDEGNA
BANCA POPOLARE DELL’EMILIA ROMAGNA
CENTROBANCA 
BANCA CENTRALE DI CREDITO POPOLARE
BANCA POPOLARE DELL’ETRURIA E DEL LAZIO
CARISBO 
CASSA DI RISPARMIO IN BOLOGNA
BANCA POPOLARE COMMERCIO E INDUSTRIA
BANCA SELLA
BANCA FIDEURAM
CREDITO ARTIGIANO
BANCA CARIME
CASSA DI RISPARMIO DI BOLZANO
BANCA POPOLARE DI ANCONA
UBI BANCA
BANCO DI DESIO E DELLA BRIANZA 
BANCA POPOLARE FRIULADRIA
CASSA DI RISPARMIO DI PARMA E PIACENZA
BANCA REGIONALE EUROPEA
BANCA DI CREDITO COOPERATIVO DI ROMA
BANCO DI DESIO E DELLA BRIANZA
CASSA DI RISPARMIO DI FERRARA
BANCA POPOLARE DI BARI
CASSA DI RISPARMIO DI ASTI
CASSA DI RISPARMIO DI FERRARA
BANCA POPOLARE DI BARI
BANCA DELL’ADRIATICO
CASSA DI RISPARMIO DI RAVENNA
BANCA POPOLARE DELL’ALTO ADIGE
TERCAS 
CASSA DI RISPARMIO DELLA PROVINCIA DI TERAMO
BANCA DI CREDITO SARDO
INTESA SANPAOLO
GE CAPITAL INTERBANCA
CASSA DI RISPARMIO DI CESENA
BANCA APULIA
VENETO BANCA
BANCA DELLA CAMPANIA
CASSA DEI RISPARMI DI FORLI’ E DELLA ROMAGNA
BANCA NUOVA
BANCA POPOLARE DI CIVIDALE
INTESA SANPAOLO PRIVATE BANKING
BANCA GENERALI
BANCA DI LEGNANO
BANCA POPOLARE DI PUGLIA E BASILICATA
BANCA AGRICOLA POPOLARE DI RAGUSA
CASSA DI RISPARMIO DEL FRIULI VENEZIA GIULIA
CASSA DI RISPARMIO DIVENEZIA
GE CAPITAL INTERBANCA
HYPO ALPE-ADRIA-BANK
TERCAS 
CASSA DI RISPARMIO DELLA PROVINCIA DI TERAMO
CASSA DI RISPARMIO DI RAVENNA
BIVERBANCA 
CASSA DI RISPARMIO DI BIELLA E VERCELLI
CASSA DI RISPARMIO DELLA PROVINCIA DI CHIETI
CREDITO SICILIANO
CASSA DI RISPARMIO DI CESENA
BANCA SELLA HOLDING
BANCA POPOLARE DEL MEZZOGIORNO
BANCA POPOLARE DELL’EMILIA ROMAGNA
BANCA VALSABBINA
BNP PARIBAS PERSONAL FINANCE
BANCA NAZIONALE DEL LAVORO
BANCA POPOLARE DI LANCIANO E SULMONA
BANCA DI CREDITO COOPERATIVO DI ALBA, LANGHE E ROERO
BANCA INTERMOBILIARE 
BANCA INTERMOBILIARE DI INVESTIMENTI E GESTIONI
BANCA VALSABBINA
BANCA POPOLARE DI SPOLETO
ALLIANZ BANK FINANCIAL ADVISORS
BANCA POPOLARE PUGLIESE
BANCA AKROS
BANCA POPOLARE DI MILANO
CASSA DI RISPARMIO DI SAN MINIATO
BANCA DI CIVIDALE
IW BANK
BANCO DI SAN GIORGIO
BANCA MONTE PARMA
BANCA DI TRENTO E BOLZANO
CARISPAQ
CASSA DI RISPARMIO DELLA PROVINCIA DELL’AQUILA
CASSA DI SOVVENZIONI E RISPARMIO FRA IL PERSONALE DELLA BANCA D’ITALIA
SOCIETE GENERALE SECURITIES SERVICES
BANCA POPOLARE DI RAVENNA
BANCA DI PIACENZA
BANCA DI CREDITO COOPERATIVO DI CAMBIANO
WEBANK
CREDITO COOPERATIVO RAVENNATE E IMOLESE
CASSA DI RISPARMIO DI ALESSANDRIA
CASSA DI RISPARMIO DELLA SPEZIA
MEDIOCREDITO DEL FRIULI-VENEZIA GIULIA
CASSA DI RISPARMIO DI PISTOIA E PESCIA
BANCA DI CREDITO POPOLARE
CASSA DI RISPARMIO DI CENTO
MEDIOCREVAL
CREDITO VALTELLINESE
BANCA POPOLARE DI CIVIDALE
MELIORBANCA
BANCA DI CREDITO COOPERATIVO DI POMPIANO E DELLA FRANCIACORTA
BANCA DI CREDITO COOPERATIVO DI BRESCIA
DEUTSCHE BANK MUTUI 
DEUTSCHE BANK
CARIFANO 
CASSA DI RISPARMIO DI FANO
CASSA DI RISPARMIO DI VOLTERRA
BANCA DI CREDITO COOPERATIVO DI CARATE BRIANZA
CASSA RURALE 
BANCA DI CREDITO COOPERATIVO DI TREVIGLIO
CASSA RURALE ED ARTIGIANA DI CANTU'
BANCA DI CREDITO COOPERATIVO DELL’ALTA PADOVANA
EMIL BANCA 
CREDITO COOPERATIVO
BANCA DI VALLE CAMONICA
CASSA DI RISPARMIO DI FABRIANO E CUPRAMONTANA
GRUPPO BANCA LEONARDO
BANCA POPOLARE DI MAROSTICA
CASSA DI RISPARMIO DI SAVONA
BANCA CARIGE
BANCA DI SASSARI
BANCA DELLA MARCA CREDITO COOPERATIVO
BANCA DI BOLOGNA
CREDITO COOPERATIVO
BANCA DEL PIEMONTE
BANCA PROFILO
BANCA POPOLARE DEL LAZIO
BANCA PASSADORE & C.
BANCA POPOLARE DI MAROSTICA
BANCA DI CREDITO COOPERATIVO COLLI MORENICI DEL GARDA
CASSA PADANA BANCA DI CREDITO COOPERATIVO
BANCA DI CREDITO COOPERATIVO DELLE PREALPI
BANCA CARIPE
TERCAS
BANCA PROFILO
BANCA CENTROPADANA
CHIANTIBANCA
MEDIOCREDITO TRENTINO - ALTO ADIGE
BANCA DI IMOLA
CASSA DI RISPARMIO DI CESENA
CARIRI 
CASSA DI RISPARMIO DI RIETI 
CASSA RURALE DI TRENTO
CASSA DI RISPARMIO DI FERMO
BANCA DEL FUCINO
CASSA DI RISPARMIO DI CARRARA
BANCA CARIGE
BANCA ALPI MARITTIME
CASSA DI RISPARMIO DI ASCOLI PICENO
CREDITO TREVIGIANO
CASSA DI RISPARMIO DI FOSSANO
BANCA DI CREDITO COOPERATIVO DI CARUGATE
CREDITO COOPERATIVO INTERPROVINCIALE VENETO
BANCAMALATESTIANA
CREDITO COOPERATIVO DELLA PROVINCIA DI RIMINI
CASSA DI RISPARMIO DELLA PROVINCIA DI VITERBO
BANCA DI CREDITO COOPERATIVO DI FORNACETTE
BANCA DI CREDITO COOPERATIVO AGROBRESCIANO
CASSA DI RISPARMIO DI BRA
CASSA RURALE ED ARTIGIANA DI BRENDOLA
BANCA DI CREDITO COOPERATIVO DI CHERASCO
BANCA DI CREDITO COOPERATIVO DEL VENEZIANO
BANCA ITALO ROMENA
BANCA DI FORLI’
BANCA ESPERIA
BANCA ROMAGNA COOPERATIVA
CREDITO COOPERATIVO ROMAGNA CENTRO E MACERONE
CASSA RURALE ALTO GARDA BANCA DI CREDITO COOPERATIVO
BANCA DI CARAGLIO DEL CUNEESEE DELLA RIVIERADEI FIORI
BANCA CASSA DI RISPARMIO DI SAVIGLIANO
BANCA DI CREDITO COOPERATIVO PORDENONESE
CASSA RURALE ED ARTIGIANA DI BINASCO
BANCA POPOLARE VALCONCA
BANCA DEL CENTROVENETO CREDITO COOPERATIVO
BANCA SAN GIORGIO E VALLE AGNO
CREDITO COOPERATIVO DI FARA VICENTINO
BANCA PROSSIMA
BANCA SAI
CASSA DI RISPARMIO DI SALUZZO
CASSA DI RISPARMIO DI ORVIETO
BANCA DEL MONTE DI LUCCA
ROMAGNA EST BANCA DI CREDITO COOPERATIVO
CARISPO 
CASSA DI RISPARMIO DI SPOLETO
FINANZA & FUTURO BANCA
BANCA EUROMOBILIARE
MANTOVABANCA 1896
BANCA SANTO STEFANO
CREDITO COOPERATIVO MARTELLAGO-VENEZIA
BANCO DESIO LAZIO
BANCO DI DESIO E DELLA BRIANZA
BANCA CREMONESE CREDITO COOPERATIVO
BANCA DI CREDITO COOPERATIVO DI FANO
BANCA POPOLARE SANT’ANGELO 
CASSA DI RISPARMIO DI TERNI E NARNI
BANCA DI CREDITO COOPERATIVO “G. TONIOLO” DI SAN CATALDO
CASSA DI RISPARMIO DI FOLIGNO
BANCA VERSILIA LUNIGIANA E GARFAGNANA CREDITO COOPERATIVO
BANCA DI CREDITO COOPERATIVO DI BARLASSINA
CASSA RAIFFEISEN DI BRUNICO
BANCA DEL MEZZOGIORNO 
MEDIO CREDITO CENTRALE
CASSA RURALE DI ROVERETO
BANCA DI CREDITO COOPERATIVO DI SANT’ELENA
CREDITO COOPERATIVO FRIULI
BANCA DI CREDITO COOPERATIVO DI SESTO SAN GIOVANNI
BANCA DI CREDITO COOPERATIVO DI BUSTO GAROLFO E BUGUGGIATE
BANCA POPOLARE ETICA
BANCA DI CREDITO COOPERATIVO DI CASTAGNETO CARDUCCI
BANCA DELLA BERGAMASCA
CASSA DI RISPARMIO DI CIVITAVECCHIA
BANCA DI CREDITO COOPERATIVO DI CALCIO E DI COVO
BANCA DI CREDITO COOPERATIVO DI PIOVE DI SACCO
BENE BANCA
CREDITO COOPERATIVO DI BENE VAGIENNA
CASSA RURALE GIUDICARIE VALSABBIA PAGANELLA
ROVIGOBANCA CREDITO COOPERATIVO
BANCA DI CREDITO COOPERATIVO VALMARECCHIA
BANCA POPOLARE DI APRILIA
BANCA POPOLARE DELL’EMILIA ROMAGNA
BANCA S. BIAGIO DELVENETO ORIENTALE DI CESAROLO FOSSALTA DI PORTOGRUARO E PERTEGADA
BCC
BANCA SELLA NORDEST BOVIO CALDERARI
BANCA SELLA HOLDING
SANFELICE 1893 BANCA POPOLARE
CASSA RURALE DI LAVIS VALLE DI CEMBRA
CARILO 
CASSA DI RISPARMIO DI LORETO
CREDITO VALDINIEVOLE 
BANCA DI CREDITO COOPERATIVO DI MONTECATINI TERME E BIENTINA
CASSA RURALE DI ALDENO E CADINE
CASSA LOMBARDA
CASSA RURALE DI PERGINE
BANCA CRAS 
CREDITO COOPERATIVO CHIANCIANO TERME 
CREDITO COOPERATIVO COSTA ETRUSCA 
CREDITO COOPERATIVO SOVICILLE
BANCA DI CREDITO COOPERATIVO DI VIGNOLE
BANCA DI RIMINI CREDITO COOPERATIVO
BANCA DI CREDITO COOPERATIVO DI INZAGO
BANCA DI CREDITO COOPERATIVO DI CARAVAGGIO
BANCA DI CREDITO COOPERATIVO DI ANAGNI
BANCA DI CREDITO COOPERATIVO DI GRADARA
CASSA RURALE DI BOLZANO
BANCA DI CREDITO COOPERATIVO DI MANZANO
BANCA CESARE PONTI
BANCA PICENA TRUENTINA
CASSA RURALE DI RENON
BANCA POPOLARE DEL CASSINATE
BANCA POPOLARE DI LAJATICO
BANCA DI CREDITO COOPERATIVO DI CONVERSANO
BANCA POPOLARE DI FONDI
BANCA DI CREDITO COOPERATIVO DI FILOTTRANO
UNIPOL MERCHANT 
BANCA PER LE IMPRESE
BANCA DI CREDITO COOPERATIVO DI BEDIZZOLE
TURANO VALVESTINO
BANCA DI CREDITO COOPERATIVO PICENA
BANCA DI CAVOLA E SASSUOLO
BANCA DI PISTOIA
BANCA DI CREDITO COOPERATIVO DI STARANZANO E VILLESE
BANCA ADRIA
BANCA DI CREDITO COOPERATIVO DELL’ALTA BRIANZA 
ALZATE BRIANZA
BANCA DI CREDITO COOPERATIVO DI CIVITANOVA MARCHE E MONTECOSARO
BANCA VALDICHIANA - CREDITO COOPERATIVO TOSCO - UMBRIO
BANCA DI CREDITO COOPERATIVO DI CASTEL GOFFREDO
BANCA DI CREDITO COOPERATIVO VALDOSTANA
BANCA CREMASCA 
CASSA DI RISPARMIO DI CITTA’DI CASTELLO
BANCA FINNAT EURAMERICA
BANCA DI CREDITO COOPERATIVO DI CASALGRASSO E SANT’ALBANO STURA
BANCA DI CREDITO COOPERATIVO DI GATTEO
BANCA DI CREDITO COOPERATIVO DI SIGNA
UBI BANCA PRIVATE INVESTMENT
BANCA DI CESENA 
CREDITO COOPERATIVO DI CESENA E RONTA
CENTROMARCA BANCA
CASSA RURALE ED ARTIGIANA
BANCA DI CREDITO COOPERATIVO DI BATTIPAGLIA
BANCA FINNAT EURAMERICA
BANCA DI VITERBO
BANCA DI CREDITO COOPERATIVO DEL METAURO
CREDITO COOPERATIVO MEDIOCRATI
BANCA DI CREDITO COOPERATIVO VICENTINO
BANCA DI CREDITO COOPERATIVO DI RECANATI E COLMURANO
CASSA RURALE DI FIEMME
BANCA DI CREDITO COOPERATIVO OROBICA DI BARIANO E COLOGNO AL SERIO
BANCA DI CREDITO COOPERATIVO DI SAN GIORGIO E MEDUNO
CREDITO COOPERATIVO DELL’ADDA E DEL CREMASCO CASSA RURALE
CASSA RURALE DI TUENNO - VAL DI NON
BANCA DI CREDITO COOPERATIVO DI PALESTRINA
BANCA CENTRO EMILIA 
BANCA DI CREDITO COOPERATIVO DI CERNUSCO SUL NAVIGLIO
CASSA RURALE ED ARTIGIANA DI CASTELLANA GROTTE
CASSA RAIFFEISEN LANA
BANCA DI CREDITO COOPERATIVO DI SALA DI CESENATICO
BANCA DEL VALDARNO 
BANCA POPOLARE DI SVILUPPO
BANCA DIVERONA 
CREDITO COOPERATIVO CADIDAVID
CASSA RURALE BASSA VALLAGARINA
BANCA DI CREDITO COOPERATIVO DI LESMO
BANCA DI CREDITO COOPERATIVO DI CARTURA
BANCA REALE
BANCA DELLA NUOVA TERRA
BANCA DI CREDITO COOPERATIVO DI CASTIGLIONE MESSER RAIMONDO E PIANELLA
BANCA POPOLARE DEL FRUSINATE
FARBANCA
BANCA DI CREDITO COOPERATIVO DI MARCON
BANCA DI ANGHIARI E STIA
BANCA PRIVATA LEASING
BANCA DI CREDITO COOPERATIVO DI PRATOLA PELIGNA
BANCA VERONESE
CREDITO COOPERATIVO DI CONCAMARISE
BANCA DI CREDITO COOPERATIVO DI ALBEROBELLO E SAMMICHELE DI BARI
BANCO DI CREDITO P. AZZOAGLIO
BANCA DI CREDITO COOPERATIVO DEL CARSO
CASSA RURALE PINETANA FORNACE E SEREGNANO
BANCA DI CREDITO COOPERATIVO DI BASILIANO
CASSA RURALE ADAMELLO 
CASSA RURALE BRENTA
BANCA DI CREDITO COOPERATIVO DI CASTENASO
BANCA ATESTINA DI CREDITO COOPERATIVO
BANCA DI CREDITO COOPERATIVO DEL FRIULI CENTRALE
CREDIUMBRIA BANCA DI CREDITO COOPERATIVO
BANCA DI CREDITO COOPERATIVO DITRIUGGIO E DELLA VALLE DEL LAMBRO
BANCA DI UDINE
BANCA DI CREDITO COOPERATIVO DI GHISALBA
BANCA DI ROMANO E S.CATERINA
BANCA POPOLARE DI MANTOVA
CASSA RURALE VAL DI FASSA E AGORDINO
BANCA PATRIMONI SELLA & C.
BANCA SELLA HOLDING
CASSA RAIFFEISEN CASTELROTTO
BANCA DI CREDITO COOPERATIVO DEL POLESINE ROVIGO
BANCA DEL MUGELLO
BANCA DI PESARO
BANCA DELLA MAREMMA
CREDITO COOPERATIVO DI GROSSETO
BANCA DI CREDITO COOPERATIVO DELLA ROMAGNA OCCIDENTALE
BANCA ALTO VICENTINO
CASSA RAIFFEISEN DELLA VALLE ISARCO
BANCA DI CREDITO COOPERATIVO DI SAN MARZANO DI SAN GIUSEPPE
BANCA DI CREDITO COOPERATIVO DI PIANFEI E ROCCA DE’ BALDI
BANCA DI CREDITO COOPERATIVO DI PERGOLA
BANCA PER LO SVILUPPO DELLA COOPERAZIONE DI CREDITO
BANCA DON RIZZO
CREDITO COOPERATIVO DELLA SICILIA OCCIDENTALE
CREDITO COOPERATIVO REGGIANO
CASSA RAIFFEISEN MERANO
BANCA DEI DUE MARI DI CALABRIA
CASSA RURALE VALLI DI PRIMIERO E VANOI
BANCA FEDERICO DELVECCHIO
BANCA DI CREDITO COOPERATIVO DI SANTERAMO IN COLLE
CASSA RURALE DELLA VALLE DEI LAGHI
BANCA DI CREDITO COOPERATIVO DI CASSANO DELLE MURGE E TOLVE
BANCA DI CREDITO COOPERATIVO DI LOCOROTONDO
CASSA RURALE ED ARTIGIANA
BANCA DI MANTIGNANA
BANCA DI CREDITO COOPERATIVO DI SAN GIOVANNI ROTONDO
CASSA RURALE ED ARTIGIANA DELL’AGRO PONTINO
BANCA DI PESCIA
BANCA SAN FRANCESCO
CREDITO COOPERATIVO CANICATTI’
BANCA AREA PRATESE CREDITO COOPERATIVO
CASSA RURALE ED ARTIGIANA DI BOVES
CASSA RURALE ED ARTIGIANA DI CORTINA D’AMPEZZO E DELLE DOLOMITI
BANCA DI TREVISO
BANCA DI CREDITO COOPERATIVO DEL BASSOSEBINO
CASSA RURALE ED ARTIGIANA DI LUCINICO FARRA E CAPRIVA
BANCA DI CREDITO COOPERATIVO DI IMPRUNETA
BANCA DI CREDITO COOPERATIVO ABRUZZESE
BANCA DI CREDITO COOPERATIVO DI RONCIGLIONE
CASSA RAIFFEISEN DI LAGUNDO
BANCA DI CREDITO COOPERATIVO DI PONTASSIEVE
BANCA DI CREDITO COOPERATIVO DI SORISOLE E LEPRENO
BANCA DI CREDITO COOPERATIVO GIUSEPPE TONIOLO
GENZANO DI ROMA
CASSA RAIFFEISEN VAL BADIA
BANCA DI CREDITO COOPERATIVO SANGRO TEATINA
CASSA RURALE ED ARTIGIANA DI TREVISO
BANCA DI CREDITO COOPERATIVO DEI COMUNI CILENTANI
BANCA DEI COLLI EUGANEI
CREDITO COOPERATIVO DI LOZZO ATESTINO
CASSA RURALE ALTA VALDISOLE E PEJO
BANCASCIANO CREDITO COOPERATIVO
CASSA RURALE D’ANAUNIA
BANCA DI CREDITO COOPERATIVO LAUDENSE 
BANCA DI CREDITO COOPERATIVO LODI
BANCA DI CREDITO COOPERATIVO DI MASIANO
BANCA DI CREDITO COOPERATIVO DI SPELLO E BETTONA
BANCA ADIGE PO - CREDITO COOPERATIVO LUSIA
BANCA DI CREDITO COOPERATIVO DI MONTEPULCIANO
CASSA RURALE MORI
VAL DI GRESTA
BANCA DI CREDITO COOPERATIVO LA RISCOSSA DI REGALBUTO
CASSA RAIFFEISEN BASSA ATESINA
BANCA MODENESE 
BANCA DI SALERNO
BANCA SISTEMA
BANCA DI CREDITO COOPERATIVO DI VEROLAVECCHIA
CASSA RURALE DI SALORNO
BANCA DEL CILENTO
CASSA RAIFFEISEN WIPPTAL
CASSA RURALE DI CALDONAZZO
BANCA DI CREDITO COOPERATIVO SAN MICHELE DI CALTANISSETTA E PIETRAPERZIA
CASSA RURALE ED ARTIGIANA “S.GIUSEPPE” CREDITO COOPERATIVO
BANCA DI CREDITO COOPERATIVO DI FIUMICELLO ED AIELLO DEL FRIULI
CASSA RAIFFEISEN DI SELVA DI VAL GARDENA
BANCA DI CREDITO COOPERATIVO DELLA BASSA FRIULANA
CASSA RAIFFEISEN DI TURES-AURINA
BANCA SUASA
CEREABANCA 1897
BANCA DI ANCONA
BANCA DI CREDITO COOPERATIVO DI S. PIETRO IN VINCIO
BANCA DI CREDITO COOPERATIVO DI BORGHETTO LODIGIANO
BANCA DI CASCINA
BANCA DI CREDITO COOPERATIVO IRPINA
BANCA DI CREDITO COOPERATIVO DI FALCONARA MARITTIMA
BANCA DI CREDITO COOPERATIVO MONTE PRUNO DI ROSCIGNO E DI LAURINO
BANCA DI CREDITO COOPERATIVO DI CAPACCIO
BANCA IPIBI FINANCIAL ADVISORY
NORDEST BANCA
BANCA DI CREDITO COOPERATIVO DI OSTRA E MORRO D’ALBA
CASSA RURALE DI FOLGARIA
BANCA DI CREDITO COOPERATIVO DEL NISSENO DI SOMMATINO E SERRADIFALCO
BANCA DI CREDITO COOPERATIVO EUGANEA DI OSPEDALETTO EUGANEO
BANCA DI CREDITO COOPERATIVO DI PACHINO
CASSA RURALE ED ARTIGIANA DI RIVAROLO MANTOVANO
BANCA POPOLARE DI ROMA
BANCA POPOLARE DI CORTONA
BANCA DI CREDITO COOPERATIVO DI ARBOREA
BANCA DI RIPATRANSONE
BANCA DI CREDITO COOPERATIVO VALLE SERIANA
BANCA DI CREDITO COOPERATIVO DI SCAFATI E CETARA
BANCA DI CREDITO COOPERATIVO DI FLUMERI 
BANCA DI CREDITO COOPERATIVO DI CITTANOVA
BANCA DI CREDITO COOPERATIVO DI CORINALDO 
BANCA DELLA VALPOLICELLA
BANCA DI CREDITO COOPERATIVO DEL TUSCOLO
CASSA RURALE NOVELLA E ALTA ANAUNIA
CASSA RURALE DI MEZZOLOMBARDO E SAN MICHELE ALL’ADIGE
BANCA DI CREDITO COOPERATIVO DEI CASTELLI ROMANI
CASSA RAIFFEISEN SCHLERN-ROSENGARTEN
CASSA RURALE ED ARTIGIANA DI ROANA
BANCO DELLE TRE VENEZIE
CASSA RURALE OLLE 
CASSA RURALE SAMONE 
CASSA RURALE SCURELLE
CASSA RURALE DI MEZZOCORONA
CASSA RURALE ALTA VALLAGARINA
BANCA DEL LAVORO E DEL PICCOLO RISPARMIO
BANCA DI CREDITO COOPERATIVO DI AQUARA
CREVERBANCA
CASSA RURALE CENTROFIEMME CAVALESE
CASSA RURALE DI PINZOLO
BANCA DI FORMELLO E TREVIGNANO ROMANO DI CREDITO COOPERATIVO
BANCA DI CREDITO COOPERATIVO DI NETTUNO
BANCA DI CARNIA E GEMONESE
BANCA DI CREDITO COOPERATIVO DI S. MARCO DEI CAVOTI E DEL SANNIO - CALVI
BANCA DI CREDITO COOPERATIVO DITERRA D’OTRANTO
BANCA DI CREDITO COOPERATIVO DEI CASTELLI E DEGLI IBLEI
CREDITO COOPERATIVO CENTRO CALABRIA
BANCA DEL CANAVESE
REDITO COOPERATIVO DI VISCHE E DEL VERBANO CUSIO OSSOLA
BANCA DI CREDITO COOPERATIVO DI MONTERENZIO
CASSA RURALE ED ARTIGIANA DI VESTENANOVA
BANCA DI CREDITO COOPERATIVO DI SATURNIA
CASSA RAIFFEISEN PRATO ALLO STELVIO 
BANCA DI CREDITO COOPERATIVO DEGLI ULIVI
BANCA DI TERAMO DI CREDITO COOPERATIVO
BANCA DI CREDITO COOPERATIVO DI LAURENZANA E NOVA SIRI
BANCA DELLA COSTA D’ARGENTO
BANCA DI CREDITO COOPERATIVO DI PITIGLIANO
BANCA DI CREDITO COOPERATIVO DI QUINTOVICENTINO
CASSA RURALE DI RABBI E CALDES
BANCA DI CREDITO COOPERATIVO DI OSTRA VETERE
BANCA DI CREDITO COOPERATIVO SAN BARNABA DI MARINO
CASSA RAIFFEISEN DI TERLANO
CASSA RURALE ED ARTIGIANA
BANCA DI CREDITO COOPERATIVO DI FISCIANO
BANCA DI CREDITO COOPERATIVO DI LEVERANO
BANCA GALILEO
CASSA RURALE CENTRO VALSUGANA
BANCA DI CREDITO COOPERATIVO DI CAMPIGLIA DEI BERICI
CASSA RURALE DELLA BASSA VALSUGANA
BANCA DI CREDITO COOPERATIVO DELL’ALTO RENO
CASSA RAIFFEISEN DI LACES
CASSA RAIFFEISEN DELLA VAL PASSIRIA
CASSA RURALE DI LEDRO
BANCA FARNESE
BANCA DI CREDITO COOPERATIVO DI SASSANO
CASSA RAIFFEISEN VAL SARENTINO
BANCO DI LUCCA E DEL TIRRENO
CASSA RAIFFEISEN DI NATURNO
BANCA CAPASSO ANTONIO
BANCA DI CREDITO COOPERATIVO DI CREMENO
BANCA IFIGEST
BANCA DI CREDITO COOPERATIVO “SEN. PIETRO BANCA DI CREDITO COOPERATIVO “SEN. PIETRO GRAMMATICO"
PACECO
CASSA RURALE DI LEVICO TERME
BANCA DI CREDITO COOPERATIVO S. VINCENZO DE’ PAOLI DI CASAGIOVE
BANCA STABIESE
CREDITO ETNEO
BANCO EMILIANO ROMAGNOLO
CASSA RURALE DI ISERA BANCA DI CREDITO COOPERATIVO
REDITO COOPERATIVO VALDARNO FIORENTINO BANCA DI CASCIA
BANCA DI CREDITO COOPERATIVO DI RIANO
BANCA DI CREDITO COOPERATIVO DI AVETRANA
BANCA DI CREDITO COOPERATIVO VALLE DEL TORTO
BANCA POPOLARE LECCHESE
BANCA DEL CROTONESE
CASSA DEI RISPARMI DI MILANO E DELLA LOMBARDIA
CARIMILO
BANCA INTERPROVINCIALE
CASSA RAIFFEISEN SILANDRO
BANCA DI CREDITO COOPERATIVO DI FIUGGI
CASSA RURALE ED ARTIGIANA DI PALIANO
BANCA DI CREDITO COOPERATIVO DI DOBERDO’ E SAVOGNA
BENACO BANCA CREDITO COOPERATIVO COSTERMANO
VALORA
BANCA ALBERTINI SYZ & C.
BANCA DI CREDITO COOPERATIVO DI BELLEGRA
ARTIGIANCASSA
BANCA DI CREDITO COOPERATIVO DI CRETA
CASSA RURALE DI BRENTONICO
BANCA DI CREDITO COOPERATIVO DI OSTUNI
BANCA DI CREDITO COOPERATIVO DEL BELICE
INVEST BANCA
CASSA RAIFFEISEN ALTA VENOSTA
BANCA DI CREDITO COOPERATIVO DI SAN CALOGERO
BANCA DI CREDITO COOPERATIVO DI CANOSA-LOCONIA
BANCA DI CREDITO COOPERATIVO DI DOVERA E POSTINO
BANCA SANTA GIULIA
CASSA RURALE DI GIOVO
CASSA RURALE DI CASTELLO TESINO 
BANCA DI CREDITO COOPERATIVO DI MONTECORVINO CREDITO COOPERATIVO DI MONTECORVINO ROVELLA
BANCA DI CREDITO COOPERATIVO LUCANIA SUD 
BANCA DI CREDITO COOPERATIVO DELLA VALTROMPIA-BOVEGNO
BANCA DI CREDITO COOPERATIVO DI VERGATO
BANCA DI CREDITO COOPERATIVO DELLA VALLE DELTRIGNO
BANCA DELLA VALSASSINA
BANCA DI CREDITO COOPERATIVO DI BARI
BANCA DI CREDITO COOPERATIVO DELLA MONTAGNA PISTOIESE
BANCA DI CREDITO COOPERATIVO DI SAN BIAGIO PLATANI
BANCA DI CREDITO COOPERATIVO DIMARINA DI GINOSA
BANCA DI CREDITO COOPERATIVO DI SARSINA
BANCA DI CREDITO COOPERATIVO SAN MARCO DI CALATABIANO
BANCA DI CREDITO COOPERATIVO DI SAMBUCA DI SICILIA
CASSA RAIFFEISEN DI CIARDES
BANCA DI CREDITO COOPERATIVO DEL LAMETINO
BANCA POPOLARE VESUVIANA
BANCA DI SCONTO E CONTI CORRENTI DI SANTA MARIA CAPUA VETERE
CREDITO COOPERATIVO CASSA RURALE ED ARTIGIANA DI ERCHIE
BANCA DI CREDITO COOPERATIVO DI MAIERATO
BANCA DI CREDITO COOPERATIVO DI BUONABITACOLO
BANCA INTERREGIONALE
BANCA DI CREDITO COOPERATIVO DI SERINO
CASSA RAIFFEISEN NOVA LEVANTE
BANCA DI CREDITO COOPERATIVO DI OPPIDO LUCANO E RIPACANDIDA
CASSA RURALE DON LORENZO GUETTI DI QUADRA-FIAVE’-LOMASO
CASSA RURALE DI TASSULLO E NANNO
BANCA DEI SIBILLINI
BANCA DI CREDITO COOPERATIVO SAN GIUSEPPE DI MUSSOMELI
BANCA DI CREDITO COOPERATIVO “MUTUO SOCCORSO” DI GANGI
BANCA DI CREDITO COOPERATIVO DI BUCCINO
BANCA DI CREDITO COOPERATIVO DI MONTEPAONE
BANCA DI CREDITO COOPERATIVO DI SPINAZZOLA
BANCA DI CREDITO COOPERATIVO DI ALTOFONTE E CACCAMO
CASSA RAIFFEISEN DI VILLABASSA
BANCA DI CREDITO COOPERATIVO DI BARBARANO ROMANO
CASSA RAIFFEISEN DI PARCINES
BANCA DI TARANTO
BANCA DI CREDITO COOPERATIVO DELL’ALTA MURGIA
CASSA RURALE BASSA ANAUNIA 
SERFINA BANCA
GBM HOLDING
CASSA RAIFFEISEN DOBBIACO
BANCA DI CREDITO COOPERATIVO DI TURRIACO
GBM BANCA
BANCA DI CREDITO COOPERATIVO DI GAUDIANO DI LAVELLO
BANCA DI CREDITO COOPERATIVO DI BASCIANO
CASSA RAIFFEISEN DI MARLENGO
IMPREBANCA
BANCA DI CREDITO COOPERATIVO DELL’ALTO TIRRENO DELLA CALABRIA - VERBICARO
BANCA DEL SUD
BANCA DI CREDITO COOPERATIVO ALTO CASERTANO E BASSO FRUSINATE
BANCA DI CREDITO COOPERATIVO DEL VELINO
BANCA DELL’ELBA CREDITO COOPERATIVO
BANCA ITB
CREDITO SALERNITANO
CASSA RURALE DI RONCEGNO
BANCA POPOLARE DELLE PROVINCE MOLISANE
BANCA MOLISANA DI CREDITO COOPERATIVO
BANCA DELLO JONIO CREDITO COOPERATIVO - ALBIDONA
BANCA DI CREDITO COOPERATIVO DI MONOPOLI - SOCIETA’ COOPERATIVA
CASSA RAIFFEISEN DI FUNES
BANCA DI CREDITO COOPERATIVO DI GAMBATESA
BANCA DI CREDITO COOPERATIVO DELLA SILA PICCOLA-AVERNA
BANCA SIMETICA
BANCA DI CREDITO COOPERATIVO DI PEDEMONTE
CASSA RURALE DI SPIAZZO E JAVRE’
BANCA AGCI
BANCA DI CREDITO COOPERATIVO DON STELLA DI RESUTTANO
BANCA DI CREDITO COOPERATIVO DI NAPOLI
BANCA IMPRESA LAZIO
CASSA RAIFFEISEN DI SAN MARTINO IN PASSIRIA
BANCA SVILUPPO ECONOMICO
BANCA PROMOS

unicredit
intesa sanpaolo 
unicredit 
intesa sanpaolo
banca monte dei paschi di siena 
banca imi 
banco popolare
ubi banca
banca nazionale del lavoro
mediobanca 
banca di credito finanziario
ubi banca 
banca popolare dell’emilia romagna
banca infrastrutture innovazione e sviluppo
mps capital services banca per le imprese
banca popolare di milano
dexia crediop
cassa di risparmio di parma e piacenza
banca carige
cassa di risparmio di genova e imperia
banca popolare di vicenza
veneto banca
banca popolare dell’emilia romagna
credito emiliano
banca popolare di sondrio
veneto banca
credito valtellinese 
banca piccolo credito valtellines
credito emiliano
banca popolare di sondrio
deutsche bank
banca popolare di bergamo
banca delle marche
cassa di risparmio del veneto
banca antonveneta
finecobank banca fineco
credito valtellinese 
banca piccolo credito valtellinese
banco di brescia san paolo cab
credito bergamasco
banca cr firenze 
cassa di risparmio di firenze
mediocredito italiano
banca mediolanum
b@nca 24-7
uni banca
banca sella holding
chebanca!
banca aletti & c.
unipol banca
banca popolare dell’etruria e del lazio
banco di sardegna
banca popolare dell’emilia romagna
centrobanca 
banca centrale di credito popolare
banca popolare dell’etruria e del lazio
carisbo 
cassa di risparmio in bologna
banca popolare commercio e industria
banca sella
banca fideuram
credito artigiano
banca carime
cassa di risparmio di bolzano
banca popolare di ancona
ubi banca
banco di desio e della brianza 
banca popolare friuladria
cassa di risparmio di parma e piacenza
banca regionale europea
banca di credito cooperativo di roma
banco di desio e della brianza
cassa di risparmio di ferrara
banca popolare di bari
cassa di risparmio di asti
cassa di risparmio di ferrara
banca popolare di bari
banca dell’adriatico
cassa di risparmio di ravenna
banca popolare dell’alto adige
tercas 
cassa di risparmio della provincia di teramo
banca di credito sardo
intesa sanpaolo
ge capital interbanca
cassa di risparmio di cesena
banca apulia
veneto banca
banca della campania
cassa dei risparmi di forli’ e della romagna
banca nuova
banca popolare di cividale
intesa sanpaolo private banking
banca generali
banca di legnano
banca popolare di puglia e basilicata
banca agricola popolare di ragusa
cassa di risparmio del friuli venezia giulia
cassa di risparmio divenezia
ge capital interbanca
hypo alpe-adria-bank
tercas 
cassa di risparmio della provincia di teramo
cassa di risparmio di ravenna
biverbanca 
cassa di risparmio di biella e vercelli
cassa di risparmio della provincia di chieti
credito siciliano
cassa di risparmio di cesena
banca sella holding
banca popolare del mezzogiorno
banca popolare dell’emilia romagna
banca valsabbina
bnp paribas personal finance
banca nazionale del lavoro
banca popolare di lanciano e sulmona
banca di credito cooperativo di alba, langhe e roero
banca intermobiliare 
banca intermobiliare di investimenti e gestioni
banca valsabbina
banca popolare di spoleto
allianz bank financial advisors
banca popolare pugliese
banca akros
banca popolare di milano
cassa di risparmio di san miniato
banca di cividale
iw bank
banco di san giorgio
banca monte parma
banca di trento e bolzano
carispaq
cassa di risparmio della provincia dell’aquila
cassa di sovvenzioni e risparmio fra il personale della banca d’italia
societe generale securities services
banca popolare di ravenna
banca di piacenza
banca di credito cooperativo di cambiano
webank
credito cooperativo ravennate e imolese
cassa di risparmio di alessandria
cassa di risparmio della spezia
mediocredito del friuli-venezia giulia
cassa di risparmio di pistoia e pescia
banca di credito popolare
cassa di risparmio di cento
mediocreval
credito valtellinese
banca popolare di cividale
meliorbanca
banca di credito cooperativo di pompiano e della franciacorta
banca di credito cooperativo di brescia
deutsche bank mutui 
deutsche bank
carifano 
cassa di risparmio di fano
cassa di risparmio di volterra
banca di credito cooperativo di carate brianza
cassa rurale 
banca di credito cooperativo di treviglio
cassa rurale ed artigiana di cantu'
banca di credito cooperativo dell’alta padovana
emil banca 
credito cooperativo
banca di valle camonica
cassa di risparmio di fabriano e cupramontana
gruppo banca leonardo
banca popolare di marostica
cassa di risparmio di savona
banca carige
banca di sassari
banca della marca credito cooperativo
banca di bologna
credito cooperativo
banca del piemonte
banca profilo
banca popolare del lazio
banca passadore & c.
banca popolare di marostica
banca di credito cooperativo colli morenici del garda
cassa padana banca di credito cooperativo
banca di credito cooperativo delle prealpi
banca caripe
tercas
banca profilo
banca centropadana
chiantibanca
mediocredito trentino - alto adige
banca di imola
cassa di risparmio di cesena
cariri 
cassa di risparmio di rieti 
cassa rurale di trento
cassa di risparmio di fermo
banca del fucino
cassa di risparmio di carrara
banca carige
banca alpi marittime
cassa di risparmio di ascoli piceno
credito trevigiano
cassa di risparmio di fossano
banca di credito cooperativo di carugate
credito cooperativo interprovinciale veneto
bancamalatestiana
credito cooperativo della provincia di rimini
cassa di risparmio della provincia di viterbo
banca di credito cooperativo di fornacette
banca di credito cooperativo agrobresciano
cassa di risparmio di bra
cassa rurale ed artigiana di brendola
banca di credito cooperativo di cherasco
banca di credito cooperativo del veneziano
banca italo romena
banca di forli’
banca esperia
banca romagna cooperativa
credito cooperativo romagna centro e macerone
cassa rurale alto garda banca di credito cooperativo
banca di caraglio del cuneesee della rivieradei fiori
banca cassa di risparmio di savigliano
banca di credito cooperativo pordenonese
cassa rurale ed artigiana di binasco
banca popolare valconca
banca del centroveneto credito cooperativo
banca san giorgio e valle agno
credito cooperativo di fara vicentino
banca prossima
banca sai
cassa di risparmio di saluzzo
cassa di risparmio di orvieto
banca del monte di lucca
romagna est banca di credito cooperativo
carispo 
cassa di risparmio di spoleto
finanza & futuro banca
banca euromobiliare
mantovabanca 1896
banca santo stefano
credito cooperativo martellago-venezia
banco desio lazio
banco di desio e della brianza
banca cremonese credito cooperativo
banca di credito cooperativo di fano
banca popolare sant’angelo 
cassa di risparmio di terni e narni
banca di credito cooperativo “home. toniolo” di san cataldo
cassa di risparmio di foligno
banca versilia lunigiana e garfagnana credito cooperativo
banca di credito cooperativo di barlassina
cassa raiffeisen di brunico
banca del mezzogiorno 
medio credito centrale
cassa rurale di rovereto
banca di credito cooperativo di sant’elena
credito cooperativo friuli
banca di credito cooperativo di sesto san giovanni
banca di credito cooperativo di busto garolfo e buguggiate
banca popolare etica
banca di credito cooperativo di castagneto carducci
banca della bergamasca
cassa di risparmio di civitavecchia
banca di credito cooperativo di calcio e di covo
banca di credito cooperativo di piove di sacco
bene banca
credito cooperativo di bene vagienna
cassa rurale giudicarie valsabbia paganella
rovigobanca credito cooperativo
banca di credito cooperativo valmarecchia
banca popolare di aprilia
banca popolare dell’emilia romagna
banca s. biagio delveneto orientale di cesarolo fossalta di portogruaro e pertegada
bcc
banca sella nordest bovio calderari
banca sella holding
sanfelice 1893 banca popolare
cassa rurale di lavis valle di cembra
carilo 
cassa di risparmio di loreto
credito valdinievole 
banca di credito cooperativo di montecatini terme e bientina
cassa rurale di aldeno e cadine
cassa lombarda
cassa rurale di pergine
banca cras 
credito cooperativo chianciano terme 
credito cooperativo costa etrusca 
credito cooperativo sovicille
banca di credito cooperativo di vignole
banca di rimini credito cooperativo
banca di credito cooperativo di inzago
banca di credito cooperativo di caravaggio
banca di credito cooperativo di anagni
banca di credito cooperativo di gradara
cassa rurale di bolzano
banca di credito cooperativo di manzano
banca cesare ponti
banca picena truentina
cassa rurale di renon
banca popolare del cassinate
banca popolare di lajatico
banca di credito cooperativo di conversano
banca popolare di fondi
banca di credito cooperativo di filottrano
unipol merchant 
banca per le imprese
banca di credito cooperativo di bedizzole
turano valvestino
banca di credito cooperativo picena
banca di cavola e sassuolo
banca di pistoia
banca di credito cooperativo di staranzano e villese
banca adria
banca di credito cooperativo dell’alta brianza 
alzate brianza
banca di credito cooperativo di civitanova marche e montecosaro
banca valdichiana - credito cooperativo tosco - umbrio
banca di credito cooperativo di castel goffredo
banca di credito cooperativo valdostana
banca cremasca 
cassa di risparmio di citta’di castello
banca finnat euramerica
banca di credito cooperativo di casalgrasso e sant’albano stura
banca di credito cooperativo di gatteo
banca di credito cooperativo di signa
ubi banca private investment
banca di cesena 
credito cooperativo di cesena e ronta
centromarca banca
cassa rurale ed artigiana
banca di credito cooperativo di battipaglia
banca finnat euramerica
banca di viterbo
banca di credito cooperativo del metauro
credito cooperativo mediocrati
banca di credito cooperativo vicentino
banca di credito cooperativo di recanati e colmurano
cassa rurale di fiemme
banca di credito cooperativo orobica di bariano e cologno al serio
banca di credito cooperativo di san giorgio e meduno
credito cooperativo dell’adda e del cremasco cassa rurale
cassa rurale di tuenno - val di non
banca di credito cooperativo di palestrina
banca centro emilia 
banca di credito cooperativo di cernusco sul naviglio
cassa rurale ed artigiana di castellana grotte
cassa raiffeisen lana
banca di credito cooperativo di sala di cesenatico
banca del valdarno 
banca popolare di sviluppo
banca diverona 
credito cooperativo cadidavid
cassa rurale bassa vallagarina
banca di credito cooperativo di lesmo
banca di credito cooperativo di cartura
banca reale
banca della nuova terra
banca di credito cooperativo di castiglione messer raimondo e pianella
banca popolare del frusinate
farbanca
banca di credito cooperativo di marcon
banca di anghiari e stia
banca privata leasing
banca di credito cooperativo di pratola peligna
banca veronese
credito cooperativo di concamarise
banca di credito cooperativo di alberobello e sammichele di bari
banco di credito p. azzoaglio
banca di credito cooperativo del carso
cassa rurale pinetana fornace e seregnano
banca di credito cooperativo di basiliano
cassa rurale adamello 
cassa rurale brenta
banca di credito cooperativo di castenaso
banca atestina di credito cooperativo
banca di credito cooperativo del friuli centrale
crediumbria banca di credito cooperativo
banca di credito cooperativo ditriuggio e della valle del lambro
banca di udine
banca di credito cooperativo di ghisalba
banca di romano e s.caterina
banca popolare di mantova
cassa rurale val di fassa e agordino
banca patrimoni sella & c.
banca sella holding
cassa raiffeisen castelrotto
banca di credito cooperativo del polesine rovigo
banca del mugello
banca di pesaro
banca della maremma
credito cooperativo di grosseto
banca di credito cooperativo della romagna occidentale
banca alto vicentino
cassa raiffeisen della valle isarco
banca di credito cooperativo di san marzano di san giuseppe
banca di credito cooperativo di pianfei e rocca de’ baldi
banca di credito cooperativo di pergola
banca per lo sviluppo della cooperazione di credito
banca don rizzo
credito cooperativo della sicilia occidentale
credito cooperativo reggiano
cassa raiffeisen merano
banca dei due mari di calabria
cassa rurale valli di primiero e vanoi
banca federico delvecchio
banca di credito cooperativo di santeramo in colle
cassa rurale della valle dei laghi
banca di credito cooperativo di cassano delle murge e tolve
banca di credito cooperativo di locorotondo
cassa rurale ed artigiana
banca di mantignana
banca di credito cooperativo di san giovanni rotondo
cassa rurale ed artigiana dell’agro pontino
banca di pescia
banca san francesco
credito cooperativo canicatti’
banca area pratese credito cooperativo
cassa rurale ed artigiana di boves
cassa rurale ed artigiana di cortina d’ampezzo e delle dolomiti
banca di treviso
banca di credito cooperativo del bassosebino
cassa rurale ed artigiana di lucinico farra e capriva
banca di credito cooperativo di impruneta
banca di credito cooperativo abruzzese
banca di credito cooperativo di ronciglione
cassa raiffeisen di lagundo
banca di credito cooperativo di pontassieve
banca di credito cooperativo di sorisole e lepreno
banca di credito cooperativo giuseppe toniolo
genzano di roma
cassa raiffeisen val badia
banca di credito cooperativo sangro teatina
cassa rurale ed artigiana di treviso
banca di credito cooperativo dei comuni cilentani
banca dei colli euganei
credito cooperativo di lozzo atestino
cassa rurale alta valdisole e pejo
bancasciano credito cooperativo
cassa rurale d’anaunia
banca di credito cooperativo laudense 
banca di credito cooperativo lodi
banca di credito cooperativo di masiano
banca di credito cooperativo di spello e bettona
banca adige po - credito cooperativo lusia
banca di credito cooperativo di montepulciano
cassa rurale mori
val di gresta
banca di credito cooperativo la riscossa di regalbuto
cassa raiffeisen bassa atesina
banca modenese 
banca di salerno
banca sistema
banca di credito cooperativo di verolavecchia
cassa rurale di salorno
banca del cilento
cassa raiffeisen wipptal
cassa rurale di caldonazzo
banca di credito cooperativo san michele di caltanissetta e pietraperzia
cassa rurale ed artigiana “s.giuseppe” credito cooperativo
banca di credito cooperativo di fiumicello ed aiello del friuli
cassa raiffeisen di selva di val gardena
banca di credito cooperativo della bassa friulana
cassa raiffeisen di tures-aurina
banca suasa
cereabanca 1897
banca di ancona
banca di credito cooperativo di s. pietro in vincio
banca di credito cooperativo di borghetto lodigiano
banca di cascina
banca di credito cooperativo irpina
banca di credito cooperativo di falconara marittima
banca di credito cooperativo monte pruno di roscigno e di laurino
banca di credito cooperativo di capaccio
banca ipibi financial advisory
nordest banca
banca di credito cooperativo di ostra e morro d’alba
cassa rurale di folgaria
banca di credito cooperativo del nisseno di sommatino e serradifalco
banca di credito cooperativo euganea di ospedaletto euganeo
banca di credito cooperativo di pachino
cassa rurale ed artigiana di rivarolo mantovano
banca popolare di roma
banca popolare di cortona
banca di credito cooperativo di arborea
banca di ripatransone
banca di credito cooperativo valle seriana
banca di credito cooperativo di scafati e cetara
banca di credito cooperativo di flumeri 
banca di credito cooperativo di cittanova
banca di credito cooperativo di corinaldo 
banca della valpolicella
banca di credito cooperativo del tuscolo
cassa rurale novella e alta anaunia
cassa rurale di mezzolombardo e san michele all’adige
banca di credito cooperativo dei castelli romani
cassa raiffeisen schlern-rosengarten
cassa rurale ed artigiana di roana
banco delle tre venezie
cassa rurale olle 
cassa rurale samone 
cassa rurale scurelle
cassa rurale di mezzocorona
cassa rurale alta vallagarina
banca del lavoro e del piccolo risparmio
banca di credito cooperativo di aquara
creverbanca
cassa rurale centrofiemme cavalese
cassa rurale di pinzolo
banca di formello e trevignano romano di credito cooperativo
banca di credito cooperativo di nettuno
banca di carnia e gemonese
banca di credito cooperativo di s. marco dei cavoti e del sannio - calvi
banca di credito cooperativo diterra d’otranto
banca di credito cooperativo dei castelli e degli iblei
credito cooperativo centro calabria
banca del canavese
redito cooperativo di vische e del verbano cusio ossola
banca di credito cooperativo di monterenzio
cassa rurale ed artigiana di vestenanova
banca di credito cooperativo di saturnia
cassa raiffeisen prato allo stelvio 
banca di credito cooperativo degli ulivi
banca di teramo di credito cooperativo
banca di credito cooperativo di laurenzana e nova siri
banca della costa d’argento
banca di credito cooperativo di pitigliano
banca di credito cooperativo di quintovicentino
cassa rurale di rabbi e caldes
banca di credito cooperativo di ostra vetere
banca di credito cooperativo san barnaba di marino
cassa raiffeisen di terlano
cassa rurale ed artigiana
banca di credito cooperativo di fisciano
banca di credito cooperativo di leverano
banca galileo
cassa rurale centro valsugana
banca di credito cooperativo di campiglia dei berici
cassa rurale della bassa valsugana
banca di credito cooperativo dell’alto reno
cassa raiffeisen di laces
cassa raiffeisen della val passiria
cassa rurale di ledro
banca farnese
banca di credito cooperativo di sassano
cassa raiffeisen val sarentino
banco di lucca e del tirreno
cassa raiffeisen di naturno
banca capasso antonio
banca di credito cooperativo di cremeno
banca ifigest
banca di credito cooperativo “sen. pietro banca di credito cooperativo “sen. pietro grammatico"
paceco
cassa rurale di levico terme
banca di credito cooperativo s. vincenzo de’ paoli di casagiove
banca stabiese
credito etneo
banco emiliano romagnolo
cassa rurale di isera banca di credito cooperativo
redito cooperativo valdarno fiorentino banca di cascia
banca di credito cooperativo di riano
banca di credito cooperativo di avetrana
banca di credito cooperativo valle del torto
banca popolare lecchese
banca del crotonese
cassa dei risparmi di milano e della lombardia
carimilo
banca interprovinciale
cassa raiffeisen silandro
banca di credito cooperativo di fiuggi
cassa rurale ed artigiana di paliano
banca di credito cooperativo di doberdo’ e savogna
benaco banca credito cooperativo costermano
valora
banca albertini syz & c.
banca di credito cooperativo di bellegra
artigiancassa
banca di credito cooperativo di creta
cassa rurale di brentonico
banca di credito cooperativo di ostuni
banca di credito cooperativo del belice
invest banca
cassa raiffeisen alta venosta
banca di credito cooperativo di san calogero
banca di credito cooperativo di canosa-loconia
banca di credito cooperativo di dovera e postino
banca santa giulia
cassa rurale di giovo
cassa rurale di castello tesino 
banca di credito cooperativo di montecorvino credito cooperativo di montecorvino rovella
banca di credito cooperativo lucania sud 
banca di credito cooperativo della valtrompia-bovegno
banca di credito cooperativo di vergato
banca di credito cooperativo della valle deltrigno
banca della valsassina
banca di credito cooperativo di bari
banca di credito cooperativo della montagna pistoiese
banca di credito cooperativo di san biagio platani
banca di credito cooperativo dimarina di ginosa
banca di credito cooperativo di sarsina
banca di credito cooperativo san marco di calatabiano
banca di credito cooperativo di sambuca di sicilia
cassa raiffeisen di ciardes
banca di credito cooperativo del lametino
banca popolare vesuviana
banca di sconto e conti correnti di santa maria capua vetere
credito cooperativo cassa rurale ed artigiana di erchie
banca di credito cooperativo di maierato
banca di credito cooperativo di buonabitacolo
banca interregionale
banca di credito cooperativo di serino
cassa raiffeisen nova levante
banca di credito cooperativo di oppido lucano e ripacandida
cassa rurale don lorenzo guetti di quadra-fiave’-lomaso
cassa rurale di tassullo e nanno
banca dei sibillini
banca di credito cooperativo san giuseppe di mussomeli
banca di credito cooperativo “mutuo soccorso” di gangi
banca di credito cooperativo di buccino
banca di credito cooperativo di montepaone
banca di credito cooperativo di spinazzola
banca di credito cooperativo di altofonte e caccamo
cassa raiffeisen di villabassa
banca di credito cooperativo di barbarano romano
cassa raiffeisen di parcines
banca di taranto
banca di credito cooperativo dell’alta murgia
cassa rurale bassa anaunia 
serfina banca
gbm holding
cassa raiffeisen dobbiaco
banca di credito cooperativo di turriaco
gbm banca
banca di credito cooperativo di gaudiano di lavello
banca di credito cooperativo di basciano
cassa raiffeisen di marlengo
imprebanca
banca di credito cooperativo dell’alto tirreno della calabria - verbicaro
banca del sud
banca di credito cooperativo alto casertano e basso frusinate
banca di credito cooperativo del velino
banca dell’elba credito cooperativo
banca itb
credito salernitano
cassa rurale di roncegno
banca popolare delle province molisane
banca molisana di credito cooperativo
banca dello jonio credito cooperativo - albidona
banca di credito cooperativo di monopoli - societa’ cooperativa
cassa raiffeisen di funes
banca di credito cooperativo di gambatesa
banca di credito cooperativo della sila piccola-averna
banca simetica
banca di credito cooperativo di pedemonte
cassa rurale di spiazzo e javre’
banca agci
banca di credito cooperativo don stella di resuttano
banca di credito cooperativo di napoli
banca impresa lazio
cassa raiffeisen di san martino in passiria
banca sviluppo economico
banca promos

