altresì
ancora
anzi
ciò nonostante
come... 
così
del resto
dunque
e
e... e...
ebbene
ecc.
inoltre
inoltre 
invece
laonde
ma
mentre
né
né... né...
neanche
nemmeno
neppure
non di meno
non pertanto
o... o...
oltre a ciò
oltre che
onde
per altro
per il che
per la qual cosa
perciò
però
però
pertanto
pur tuttavia
pure
pure
pure
quindi
sia... sia...
tuttavia
Altresì
Ancora
Ancora
Anzi
Ciò nonostante
Come... 
Così
Del resto
Dunque
E
E... E...
Ebbene
Ecc.
Inoltre
Inoltre 
Invece
Laonde
Ma
Mentre
Né
Né... Né...
Neanche
Nemmeno
Neppure
Non Di Meno
Non Pertanto
O... O...
Oltre a ciò
Oltre che
Onde
Per altro
Per il che
Per la qual cosa
Perciò
Però
Però
Pertanto
Pur tuttavia
Pure
Quindi
Sia... Sia...
Tuttavia
ALTRESÌ
ANCORA
ANZI
CIÒ NONOSTANTE
COME... 
COSÌ
DEL RESTO
DUNQUE
E
E... E...
EBBENE
ECC.
INOLTRE 
INVECE
LAONDE
MA
MENTRE
NÉ
NÉ... NÉ...
NEANCHE
NEMMENO
NEPPURE
NON DI MENO
NON PERTANTO
O... O...
OLTRE A CIÒ
OLTRE CHE
ONDE
PER ALTRO
PER IL CHE
PER LA QUAL COSA
PERCIÒ
PERÒ
PERÒ
PERTANTO
PUR TUTTAVIA
PURE
QUINDI
SIA... SIA...
TUTTAVIA
