accanto a
vicino a
davanti a
innanzi a
lontano da
invece di
insieme con
assieme a
prima di
di qua da
di là da
al di là di
a fianco di
al cospetto di
all'insegna di
in faccia di
in cima a
nel mezzo di
in capo a
fino da
a causa di
per motivo di
in conseguenza di
a forza di
per mezzo di
per opera di
a meno di
al pari di
in mezzo a
a dispetto di
a favore di
in base a
in considerazione di
per conto di
in quanto a
in confronto a
in cambio di
invece di
di tra
su per
fino a
sino a
fin da
sin da
Accanto a
Vicino a
Davanti a
Innanzi a
Lontano da
Invece di
Insieme con
Assieme a
Prima di
Di qua da
Di là da
Al di là di
A fianco di
Al cospetto di
All'insegna di
In faccia di
In cima a
Nel mezzo di
In capo a
Fino da
A causa di
Per motivo di
In conseguenza di
A forza di
Per mezzo di
Per opera di
A meno di
Al pari di
In mezzo a
A dispetto di
A favore di
In base a
In considerazione di
Per conto di
In quanto a
In confronto a
In cambio di
Invece di
Di tra
Su per
Fino a
Sino a
Fin Da
Sin Da
ACCANTO A
VICINO A
DAVANTI A
INNANZI A
LONTANO DA
INVECE DI
INSIEME CON
ASSIEME A
PRIMA DI
DI QUA DA
DI LÀ DA
AL DI LÀ DI
A FIANCO DI
AL COSPETTO DI
ALL'INSEGNA DI
IN FACCIA DI
IN CIMA A
NEL MEZZO DI
IN CAPO A
FINO DA
A CAUSA DI
PER MOTIVO DI
IN CONSEGUENZA DI
A FORZA DI
PER MEZZO DI
PER OPERA DI
A MENO DI
AL PARI DI
IN MEZZO A
A DISPETTO DI
A FAVORE DI
IN BASE A
IN CONSIDERAZIONE DI
PER CONTO DI
IN QUANTO A
IN CONFRONTO A
IN CAMBIO DI
INVECE DI
DI TRA
SU PER
FINO A
SINO A
FIN DA
SIN DA

