IVA
Iva
iva
Partita Iva
Partita IVA
Partita iva
partita Iva
partita iva
partita IVA
PARTITA Iva
PARTITA iva
PARTITA IVA
P.Iva
P.IVA
P.iva
p.Iva
p.IVA
p.iva
Cod.Fis
COD.Fis
cod.Fis
Cod.FIS
COD.FIS
cod.FIS
Cod.fis
COD.fis
cod.fis
P.Iva.
P.IVA.
P.iva.
p.Iva.
p.IVA.
p.iva.
Cod.Fis.
COD.Fis.
cod.Fis.
Cod.FIS.
COD.FIS.
cod.FIS.
Cod.fis.
COD.fis.
cod.fis.
Codice Fiscale
CODICE FISCALE
codice fiscale
Codice Fis
Codice FIS
Codice fis
CODICE Fis
CODICE FIS
CODICE fis
codice Fis
codice FIS
codice fis
Codice Fis.
Codice FIS.
Codice fis.
CODICE Fis.
CODICE FIS.
CODICE fis.
codice Fis.
codice FIS.
codice fis.
p.IVA/Cod.Fis
p.IVA/Cod.fis
p.iva/cod.Fis
p.iva/Cod.fis
P.IVA/Cod.Fis
P.IVA/Cod.fis
P.iva/cod.Fis
P.iva/Cod.fis
p.IVA/Cod.Fis.
p.IVA/Cod.fis.
p.iva/cod.Fis.
p.iva/Cod.fis.
P.IVA/Cod.Fis.
P.IVA/Cod.fis.
P.iva/cod.Fis.
P.iva/Cod.fis.
Cod.Fis/p.IVA
Cod.fis/p.IVA
cod.Fis/p.iva
Cod.fis/p.iva
Cod.Fis/P.IVA
Cod.fis/P.IVA
cod.Fis/P.iva
Cod.fis/P.iva
Cod.Fis./p.IVA
Cod.fis./p.IVA
cod.Fis./p.iva
Cod.fis./p.iva
Cod.Fis./P.IVA
Cod.fis./P.IVA
cod.Fis./P.iva
Cod.fis./P.iva
c.f
c.f.
C.F.
C.F
Coordinate Bancarie
Coordinate bancarie
coordinate Bancarie
coordinate bancarie
Coord.Bancarie
Coord. Bancarie
coord.Bancarie
coord. bancarie
Coord.bancarie
Coord. bancarie
coord.bancarie
coord. bancarie
p.iva | cod.fiscale
P.iva | cod.fiscale
p.IVA | cod.fiscale
IVA | cod.fiscale
P.iva | Cod.fiscale
P.iva | Cod.fiscale
P.IVA | Cod.fiscale
IVA | Cod.fiscale
P.iva | Cod.Fiscale
P.iva | Cod.Fiscale
P.IVA | Cod.Fiscale
IVA | Cod.Fiscale
P.Iva | Cod.Fiscale
P.Iva | Cod.Fiscale
p.iva | Cod.Fiscale
p.iva | Cod.Fiscale
p.iva|cod.fiscale
P.iva|cod.fiscale
P.IVA|cod.fiscale
IVA|cod.fiscale
p.iva|Cod.fiscale
P.iva|Cod.fiscale
P.IVA|Cod.fiscale
IVA|Cod.fiscale
P.Iva|Cod.Fiscale
P.Iva|Cod.Fiscale
p.iva|Cod.Fiscale
p.iva|Cod.Fiscale
CF
c/c postale
C/C postale
c/c Postale
P.I.
p.i.
p.i
P.I
c.f./p.iva
C.f./P.iva
C.F./p.iva
c.f./P.IVA
C.F./P.IVA
p.iva/c.f.
P.iva/C.f.
p.iva/C.F.
P.IVA/c.f.
P.IVA/C.F.
IVA nÂ°
Iva nÂ°
iva nÂ°
Partita Iva nÂ°
Partita IVA nÂ°
Partita iva nÂ°
partita Iva nÂ°
partita iva nÂ°
partita IVA nÂ°
PARTITA Iva nÂ°
PARTITA iva nÂ°
PARTITA IVA nÂ°
P.Iva nÂ°
P.IVA nÂ°
P.iva nÂ°
p.Iva nÂ°
p.IVA nÂ°
p.iva nÂ°
Cod.Fis nÂ°
COD.Fis nÂ°
cod.Fis nÂ°
Cod.FIS nÂ°
COD.FIS nÂ°
cod.FIS nÂ°
Cod.fis nÂ°
COD.fis nÂ°
cod.fis nÂ°
P.Iva. nÂ°
P.IVA. nÂ°
P.iva. nÂ°
p.Iva. nÂ°
p.IVA. nÂ°
p.iva. nÂ°
Cod.Fis. nÂ°
COD.Fis. nÂ°
cod.Fis. nÂ°
Cod.FIS. nÂ°
COD.FIS. nÂ°
cod.FIS. nÂ°
Cod.fis. nÂ°
COD.fis. nÂ°
cod.fis. nÂ°
Codice Fiscale nÂ°
CODICE FISCALE nÂ°
codice fiscale nÂ°
Codice Fis nÂ°
Codice FIS nÂ°
Codice fis nÂ°
CODICE Fis nÂ°
CODICE FIS nÂ°
CODICE fis nÂ°
codice Fis nÂ°
codice FIS nÂ°
codice fis nÂ°
Codice Fis. nÂ°
Codice FIS. nÂ°
Codice fis. nÂ°
CODICE Fis. nÂ°
CODICE FIS. nÂ°
CODICE fis. nÂ°
codice Fis. nÂ°
codice FIS. nÂ°
codice fis. nÂ°
p.IVA/Cod.Fis nÂ°
p.IVA/Cod.fis nÂ°
p.iva/cod.Fis nÂ°
p.iva/Cod.fis nÂ°
P.IVA/Cod.Fis nÂ°
P.IVA/Cod.fis nÂ°
P.iva/cod.Fis nÂ°
P.iva/Cod.fis nÂ°
p.IVA/Cod.Fis. nÂ°
p.IVA/Cod.fis. nÂ°
p.iva/cod.Fis. nÂ°
p.iva/Cod.fis. nÂ°
P.IVA/Cod.Fis. nÂ°
P.IVA/Cod.fis. nÂ°
P.iva/cod.Fis. nÂ°
P.iva/Cod.fis. nÂ°
Cod.Fis/p.IVA nÂ°
Cod.fis/p.IVA nÂ°
cod.Fis/p.iva nÂ°
Cod.fis/p.iva nÂ°
Cod.Fis/P.IVA nÂ°
Cod.fis/P.IVA nÂ°
cod.Fis/P.iva nÂ°
Cod.fis/P.iva nÂ°
Cod.Fis./p.IVA nÂ°
Cod.fis./p.IVA nÂ°
cod.Fis./p.iva nÂ°
Cod.fis./p.iva nÂ°
Cod.Fis./P.IVA nÂ°
Cod.fis./P.IVA nÂ°
cod.Fis./P.iva nÂ°
Cod.fis./P.iva nÂ°
c.f nÂ°
c.f. nÂ°
C.F. nÂ°
C.F nÂ°
Coordinate Bancarie nÂ°
Coordinate bancarie nÂ°
coordinate Bancarie nÂ°
coordinate bancarie nÂ°
Coord.Bancarie nÂ°
Coord. Bancarie nÂ°
coord.Bancarie nÂ° 
coord. bancarie nÂ°
Coord.bancarie nÂ°
Coord. bancarie nÂ°
coord.bancarie nÂ°
coord. bancarie nÂ°
p.iva | cod.fiscale nÂ°
P.iva | cod.fiscale nÂ°
p.IVA | cod.fiscale nÂ°
IVA | cod.fiscale nÂ°
P.iva | Cod.fiscale nÂ°
P.iva | Cod.fiscale nÂ°
P.IVA | Cod.fiscale nÂ°
IVA | Cod.fiscale nÂ°
P.iva | Cod.Fiscale nÂ°
P.iva | Cod.Fiscale nÂ°
P.IVA | Cod.Fiscale nÂ°
IVA | Cod.Fiscale nÂ°
P.Iva | Cod.Fiscale nÂ°
P.Iva | Cod.Fiscale nÂ°
p.iva | Cod.Fiscale nÂ°
p.iva | Cod.Fiscale nÂ°
p.iva|cod.fiscale nÂ°
P.iva|cod.fiscale nÂ°
P.IVA|cod.fiscale nÂ°
IVA|cod.fiscale nÂ°
p.iva|Cod.fiscale nÂ°
P.iva|Cod.fiscale nÂ°
P.IVA|Cod.fiscale nÂ°
IVA|Cod.fiscale nÂ°
P.Iva|Cod.Fiscale nÂ°
P.Iva|Cod.Fiscale nÂ°
p.iva|Cod.Fiscale nÂ°
p.iva|Cod.Fiscale nÂ°
CF nÂ°
c/c postale nÂ°
C/C postale nÂ°
c/c Postale nÂ°
P.I. nÂ°
p.i. nÂ°
p.i nÂ°
P.I nÂ°
c.f./p.iva nÂ°
C.f./P.iva nÂ°
C.F./p.iva nÂ°
c.f./P.IVA nÂ°
C.F./P.IVA nÂ°
p.iva/c.f. nÂ°
P.iva/C.f. nÂ°
p.iva/C.F. nÂ°
P.IVA/c.f. nÂ°
P.IVA/C.F. nÂ°