a
agli
ai
al
all'
alla
alle
allo
assieme
attraverso
avanti
circa
con
contro
da
dagli
dai
dal
dall'
dalla
dalle
dallo
davanti
degli
dei
del
dell'
della
delle
dello
dentro
di
dietro
dopo
durante
eccetto
entro
fra
fuorché
fuori
gli
i
il
in
incontro
innanzi
insieme
l'
la
le
lo
lontano
lungo
malgrado
negli
nei
nel
nell'
nella
nelle
nello
nonostante
oltre
per
presso
prima
salvo
secondo
senza
sopra
sotto
sottodentro
su
sugli
sui
sul
sull'
sulla
sulle
sullo
tra
tranne
verso
vicino

A
Agli
Ai
Al
All'
Alla
Alle
Allo
Assieme
Attraverso
Avanti
Circa
Con
Contro
Da
Dagli
Dai
Dal
Dall'
Dalla
Dalle
Dallo
Davanti
Degli
Dei
Del
Dell'
Della
Delle
Dello
Dentro
Di
Dietro
Dopo
Durante
Eccetto
Entro
Fra
Fuorché
Fuori
Gli
I
Il
In
Incontro
Innanzi
Insieme
L'
La
Le
Lo
Lontano
Lungo
Malgrado
Negli
Nei
Nel
Nell'
Nella
Nelle
Nello
Nonostante
Oltre
Per
Presso
Prima
Salvo
Secondo
Senza
Sopra
Sotto
Sottodentro
Su
Sugli
Sui
Sul
Sull'
Sulla
Sulle
Sullo
Tra
Tranne
Verso
Vicino

A
AGLI
AI
AL
ALL'
ALLA
ALLE
ALLO
ASSIEME
ATTRAVERSO
AVANTI
CIRCA
CON
CONTRO
DA
DAGLI
DAI
DAL
DALL'
DALLA
DALLE
DALLO
DAVANTI
DEGLI
DEI
DEL
DELL'
DELLA
DELLE
DELLO
DENTRO
DI
DIETRO
DOPO
DURANTE
ECCETTO
ENTRO
FRA
FUORCHÉ
FUORI
GLI
I
IL
IN
INCONTRO
INNANZI
INSIEME
L'
LA
LE
LO
LONTANO
LUNGO
MALGRADO
NEGLI
NEI
NEL
NELL'
NELLA
NELLE
NELLO
NONOSTANTE
OLTRE
OLTRE
PER
PRESSO
PRIMA
SALVO
SECONDO
SENZA
SOPRA
SOTTO
SOTTODENTRO
SU
SUGLI
SUI
SUL
SULL'
SULLA
SULLE
SULLO
TRA
TRANNE
VERSO
VICINO



