Agrigento	
Alessandria	
Ancona	
Aosta	
Arezzo	
Ascoli Piceno	
Asti	
Avellino	
Bari	
Barletta-Andria-Trani	
Belluno	
Benevento	
Bergamo	
Biella	
Bologna	
Bolzano	
Brescia	
Brindisi	
Cagliari	
Caltanissetta	
Campobasso	
Carbonia-Iglesias	
Caserta		
Catania	
Catanzaro	
Chieti	
Como	
Cosenza	
Cremona	
Crotone	
Cuneo	
Enna	
Fermo	
Ferrara	
Firenze	
Foggia	
Forlì
Cesena	
Forlì-Cesena
Frosinone	
Genova	
Gorizia	
Grosseto	
Imperia	
Isernia	
La Spezia	
L'Aquila	
Latina	
Lecce	
Lecco	
Livorno	
Lodi	
Lucca		
Macerata	
Mantova	
Massa-Carrara	
Matera	
Messina	
Milano	
Modena	
Monza e della Brianza	
Napoli	
Novara	
Nuoro	
Olbia-Tempio	
Oristano	
Padova	
Palermo	
Parma	
Pavia	
Perugia	
Pesaro e Urbino	
Pescara	
Piacenza	
Pisa
Pistoia	
Pordenone	
Potenza	
Prato	
Ragusa	
Ravenna	
Reggio Calabria	
Reggio Emilia	
Rieti	
Rimini	
Roma		
Rovigo	
Salerno	
Medio Campidano	
Sassari	
Savona	
Siena	
Siracusa	
Sondrio	
Taranto	
Teramo	
Terni	
Torino		
Ogliastra	
Trapani	
Trento	
Treviso	
Trieste	
Udine	
Varese	
Venezia	
Verbano-Cusio-Ossola	
Vercelli	
Verona	
Vibo Valentia	
Vicenza	
Viterbo	
﻿agrigento	
alessandria	
ancona	
aosta	
arezzo	
ascoli piceno	
asti	
avellino	
bari	
barletta-Andria-Trani	
belluno	
benevento	
bergamo	
biella	
bologna	
bolzano	
brescia	
brindisi	
cagliari	
caltanissetta	
campobasso	
carbonia-Iglesias	
caserta		
catania	
catanzaro	
chieti	
como	
cosenza	
cremona	
crotone	
cuneo	
enna	
fermo	
ferrara	
firenze	
foggia	
forlì-cesena	
forlì
cesena
frosinone	
genova	
gorizia	
grosseto	
imperia	
isernia	
la spezia	
l'aquila	
latina	
lecce	
lecco	
livorno	
lodi	
lucca		
macerata	
mantova	
massa-carrara	
matera	
messina	
milano	
modena	
monza e della brianza	
napoli	
novara	
nuoro	
olbia-tempio	
oristano	
padova	
palermo	
parma	
pavia	
perugia	
pesaro e urbino	
pescara	
piacenza	
pisa	
pistoia	
pordenone	
potenza	
prato	
ragusa	
ravenna	
reggio calabria	
reggio emilia	
rieti	
rimini	
roma		
rovigo	
salerno	
medio campidano	
sassari	
savona	
siena	
siracusa	
sondrio	
taranto	
teramo	
terni	
torino		
ogliastra	
trapani	
trento	
treviso	
trieste	
udine	
varese	
venezia	
verbano-cusio-ossola	
verbano cusio ossola	
vercelli	
verona	
vibo valentia	
vicenza	
viterbo	

Agrigento
Alexandria
Ancon
Aosta
Arezzo
Ascoli Piceno
Asti
Avellino
Bari
Barletta -Andria -Trani
Belluno
Benevento
Bergamo
Piston Rod
Bologna
Bolzano
Brescia
Toast
Cagliari
Caltanissetta
Campobasso
Carbonia -Iglesias
Caserta
Catania
Catanzaro
Chieti
Como
Cosenza
Cremona
Crotone
Wedge
Enna
Firm
Ferrara
Florence
Shape
Forli
Cesena
Forlì- Cesena
Frosinone
Genoa
Gorizia
Grosseto
Imperia
Isernia
La Spezia
L'Aquila
Latin
Lecce
Lecco
Leghorn
Lodi
Lucca
Macerata
Mantua
Massa- Carrara
Matera
Messina
Milan
Modena
Monza And Brianza
Naples
Novara
Nuoro
Olbia -Tempio
Oristano
Padua
Palermo
Parma
Pavia
Perugia
Pesaro And Urbino
Pescara
Piacenza
Pisa
Pistoia
Pordenone
Power
Lawn
Ragusa
Ravenna
Reggio Calabria
Reggio Emilia
Rieti
Rimini
Rome
Rovigo
Salerno
Middle Campidano
Sassari
Savona
Sienna
Syracuse
Sondrio
Taranto
Teramo
Terni
Turin
Ogliastra
Trapani
Trent
Treviso
Trieste
Udine
Varese
Venice
Verbano- Cusio -Ossola
Vercelli
Verona
Vibo Valentia
Vicenza
Viterbo
agrigento
alexandria
ancon
aoste
arezzo
ascoli Piceno
asti
avellino
bari
Barletta -Andria -Trani
belluno
benevento
bergamo
piston rod
bologna
bolzano
brescia
toast
Provo
caltanissetta
campobasso
carbonia -Iglesias
caserta
catania
catanzaro
chieti
como
cosenza
cremona
crotone
wedge
enna
firm
ferrara
Florence
shape
Forlì-Cesena
forlì
cesena
frosinone
genoa
gorizia
grosseto
imperia
isernia
spice
the eagle
Latin
lecce
lick
leghorn
praise
lucca
macerated
mantua
massa-carrara
matera
messina
Milan
modena
Monza and Brianza
Naples
novara
nuoro
Olbia - temple
oristano
padova
palermo
parma
pavia
perugia
Pesaro and Urbino
pescara
piacenza
pisa
pistoia
pordenone
power
lawn
ragusa
ravenna
reggio Calabria
reggio emilia
rieti
rimini
Rome
rovigo
salerno
average campidano
sassari
savona
siena
syracuse
sondrio
taranto
teramo
terni
turin
ogliastra
drills
trento
treviso
trieste
udine
varese
Venice
Verbano -cusio - Ossola
Verbania
vercelli
verona
Vibo Valentia
vicenza
viterbo
