Università degli Studi "Gabriele D'Annunzio"
Università degli Studi di L'Aquila
Università degli Studi di Teramo
Università degli Studi della Basilicata
Università degli Studi "Magna Graecia" di Catanzaro
Università degli Studi Mediterranea di Reggio Calabria
Università della Calabria
Istituto Universitario "Suor Orsola Benincasa"
Seconda Università degli Studi di Napoli
Università degli Studi del Sannio
Università degli Studi di Napoli "Federico II"
Università degli Studi di Napoli "L'Orientale"
Università degli Studi di Napoli "Partenophe"
Università degli Studi di Salerno
Università degli Studi di Bologna
Università degli Studi di Ferrara
Università degli Studi di Modena e Reggio Emilia
Università degli Studi di Parma
SISSA
Scuola Internazionale Superiore di Studi Avanzati
Università degli Studi di Trieste
Università degli Studi di Udine
IUSM
Università degli Studi di Roma "Foro Italico"
Libera Università degli Studi "San Pio V"
LUISS
Libera Università Internazionale degli Studi Sociali Guido Carli
LUMSA
Libera Università "Maria Ss. Assunta"
Università "Campus Bio-Medico" di Roma
Università degli Studi della Tuscia
Università degli Studi di Cassino
Università degli Studi di Roma "La Sapienza"
Università degli Studi di Roma "Tor Vergata"
Università degli Studi Europea di Roma
Università degli Studi "Roma Tre"
Università degli Studi di Genova
IULM
Libera Università di Lingue e Comunicazione
Politecnico di Milano
Università Carlo Cattaneo
LIUC
Università Cattolica del Sacro Cuore
Università Commerciale Luigi Bocconi
Università degli Studi dell'Insubria Varese-Como
Università degli Studi dell'Insubria Varese
Università degli Studi dell'Insubria Como
Università degli Studi di Bergamo
Università degli Studi di Brescia
Università degli Studi di Milano
Università degli Studi di Milano-Bicocca
Università degli Studi di Pavia
Università Vita-Salute San Raffaele
Università Politecnica delle Marche
Università degli Studi di Camerino
Università degli Studi di Macerata
Università degli Studi di Urbino Carlo Bo
Università degli Studi del Molise
Politecnico di Torino
Università degli Studi del Piemonte Orientale "Amedeo Avogadro"
Università degli Studi di Torino
Università di Scienze Gastronomiche
LUM
Libera Università Mediterranea "Jean Monnet"
Università Mediterranea
Politecnico di Bari
Università degli Studi di Bari
Università degli Studi di Foggia
Università degli Studi del Salento
Università degli Studi di Cagliari
Università degli Studi di Sassari
Università degli Studi di Catania
Università degli Studi di Messina
Università degli Studi di Palermo
Scuola Normale Superiore 
Scuola Superiore di Studi Universitari e di Perfezionamento "Sant'Anna" 
Università degli Studi di Firenze
unifi
UniFI
uniFI
Università degli Studi di Pisa
unipi
UniPI
uniPI
Università degli Studi di Siena
unisi
UniSI
uniSI
Università per Stranieri di Siena
Libera Università di Bolzano
Università degli Studi di Trento
Università degli Studi di Perugia
Università per Stranieri di Perugia
Università della Valle d'Aosta
Université de la Vallée D'Aoste
Università Iuav di Venezia
Università "Ca' Foscari" di Venezia
Università degli Studi di Padova
unipa
UniPA
uniPA
Università degli Studi di Verona
unive
UniVE
uniVE
uni
SIAF
siaf
Disit
disit
DISIT
DET
MSDLAB

University " Gabriele D' Annunzio"
University of L'Aquila
University of Teramo
University of Basilicata
University " Magna Graecia " of Catanzaro
University Mediterranea of ​​Reggio Calabria
University of Calabria
College " Suor Orsola Benincasa "
Second University of Naples
University of Sannio
University of Naples "Federico II"
University of Naples "L'Orientale"
University of Naples " Partenophe "
University of Salerno
University of Bologna
University of Ferrara
University of Modena and Reggio Emilia
University of Parma
ISAS
International School for Advanced Studies
University of Trieste
University of Udine
IUSM
University of Rome " Foro Italico "
Free University " St. Pius V"
LUISS
Free International University of Social Studies Guido Carli
LUMSA
Libera Università " Maria SS Assunta "
University "Campus Bio- Medico"
University of Tuscia
University of Cassino
University of Rome "La Sapienza"
University of Rome "Tor Vergata"
European University of Rome
Università degli Studi " Roma Tre "
University of Genoa
IULM
Free University of Languages ​​and Communication
Polytechnic University of Milan
Università Carlo Cattaneo
LIUC
Catholic University of the Sacred Heart
Università Commerciale Luigi Bocconi
University of Insubria, Varese -Como
University of Insubria, Varese
University of Insubria Como
University of Bergamo
University of Brescia
University of Milan
University of Milano-Bicocca
University of Pavia
University Vita -Salute San Raffaele
Polytechnic University of Marche
University of Camerino
University of Macerata
University of Urbino Carlo Bo
University of Molise
Polytechnic University of Turin
University of Piemonte Orientale "Amedeo Avogadro"
University of Turin
University of Gastronomic Sciences
LUM
Free Mediterranean University " Jean Monnet "
Mediterranean University
Polytechnic University of Bari
University of Bari
University of Foggia
University of Salento
University of Cagliari
University of Sassari
University of Catania
University of Messina
University of Palermo
Scuola Normale Superiore
School of University Studies and Specialization " Sant'Anna "
University of Florence
unified
Unifi
Unifi
University of Pisa
unipi
UniPI
UniPi
University of Siena
unisi
Unisi
Unisi
University for Foreigners of Siena
Free University of Bolzano
University of Trento
University of Perugia
University for Foreigners of Perugia
University of Valle d' Aosta
Université de la Vallée d' Aoste
IUAV University of Venice
University " Ca ' Foscari" of Venice
University of Padua
unipa
unipa
unipa
University of Verona
unive
Unive
Unive
one
