Atessa	
Avezzano	
Campli	
Castel di Sangro	
Celano	
Chieti	
Fossacesia	
Giulianova	
L'Aquila	
Lanciano	
Manoppello	
Montesilvano	
Pescara	
Pianella	
Popoli	
San Salvo	
Scurcola Marsicana	
Spoltore	
Sulmona	
Tagliacozzo	
Teramo	
Chieti	
Avigliano	
Bernalda	
Ferrandina	
Irsina	
Lavello	
Maratea	
Matera	
Melfi	
Montescaglioso	
Muro 
Pisticci	
Policoro	
Potenza	
Rionero 
Tricarico	
Tursi	
Tito	
Venosa	
Acri	
Amantea	
Bisignano	
Castrovillari	
Catanzaro	
Corigliano 
Cosenza	
Crotone	
Cutro	
Gerace	
Gioia 
Lamezia 
Locri	
Nicotera	
Palmi	
Reggio Calabria
Petilia Policastro	
Rogliano	
Rosarno	
Rossano	
Soverato	
Soveria Mannelli	
Squillace	
Terranova Sappo Minulio	
Vibo Valentia	V
Villa San Giovanni	
Acerra	
Afragola	
Agropoli	
Alife	
Amalfi	
Apollosa	
Ariano Irpino	
Arzano	
Avellino	
Aversa	
Battipaglia	
Bellona	
Benevento	
Buonalbergo		
Capri	
Capua	
Caserta	
Castel Volturno	
Cava de' Tirreni	
Cervinara	
Contursi Terme	
Eboli	
Ercolano	
Fisciano	
Foglianise	
Frattamaggiore	
Giffoni Valle Piana	
Giugliano in Campania	
Giugliano
Grumo Nevano	
Marano di Napoli	
Marano
Marcianise	
Marigliano	
Mignano Monte Lungo	
Mignano
Mirabella Eclano	
Moiano	
Molinara	
Mondragone	
Montesarchio	
Napoli	
Nocera Superiore	
Nocera
Nola	
Pannarano	
Piano di Sorrento	
Sorrento
Pomigliano d'Arco	
Pompei
Portici
Qualiano
Roccadaspide
Roccarainola
Sala Consilina
Salerno
Sant'Agata de' Goti
Sapri
Saviano
Scafati
Scisciano
Solofra
Teggiano
Telese Terme
Torre Annunziata
Torre del Greco
Venticano
Vico Equense
Bobbio
Bologna
Bondeno
Busseto
Carpi
Castelfranco Emilia
Castel Maggiore
Castel San Pietro Terme
Castelnovo di Sotto
Cento 
Cesena
Correggio
Crevalcore
Ferrara
Fidenza
Fiorano
Fiorenzuola d'Arda
Fiorenzuola
Forlì
Granarolo dell'Emilia
Guastalla
Imola
Maranello
Massa Lombarda
Meldola
Mirandola
Modena
Modigliana
Montecchio Emilia
Novellara
Parma
Piacenza
Predappio
Ravenna
Reggio Emilia
Riccione
Rimini
Riolo Terme
Russi
Salsomaggiore Terme
San Giovanni in Persiceto
Sasso Marconi
Sassuolo
Vignola

Casarsa della Delizia
Cervignano del Friuli
Cividale del Friuli
Codroipo
Cordenons
Cormons
Gemona del Friuli
Gorizia
Gradisca d'Isonzo
Grado 
Latisana
Lignano Sabbiadoro
Maniago
Monfalcone
Palmanova
Porcia
Pordenone
Sacile
San Daniele del Friuli
Spilimbergo
Tarcento
Tolmezzo
Trieste
Udine
Alvito 
Anguillara Sabazia
Arpino
Castel Gandolfo
Ceccano
Ceprano
Ciampino
Civitavecchia
Cori
Fondi
Formia
Frascati
Ferentino
Frosinone
Gaeta
Genzano di Roma
Guidonia Montecelio
Ladispoli
Latina
Marino 
Monte Porzio Catone
Monterotondo		
Nettuno 
Piedimonte San Germano
Pomezia	
Priverno		
Rieti
Roma
Santa Marinella
Sezze
Tarquinia
Terracina
Tuscania
Velletri
Viterbo
Albenga
Albisola Superiore
Cairo Montenotte
Camogli
Camporosso
Chiavari
Finale Ligure
Genova
Imperia
Lavagna
La Spezia
Lerici
Rapallo
Recco
Sanremo
Sarzana
Savona
Varazze
Ventimiglia
Abbiategrasso
Albino
Alzano Lombardo
Angera
Appiano Gentile
Arese
Asola
Belgioioso
Bergamo
Besana in Brianza
Bollate
Brescia
Brugherio
Busto Arsizio
Calolziocorte
Capriate San Gervasio
Città di Caravaggio
Caravaggio	
Casalmaggiore
Casalpusterlengo
Casorate Primo
Cassano Magnago
Castano Primo
Casteggio
Castel Goffredo
Castellanza
Castelleone
Castiglione delle Stiviere
Cernobbio	
Cernusco sul Naviglio
Cesano Maderno
Chiari
Cinisello Balsamo
Codogno
Cologno Monzese
Como
Concorezzo
Corbetta
Corsico
Crema 
Cremona
Curtatone
Dalmine
Darfo Boario Terme
Desenzano del Garda
Desio
Erba
Gallarate
Garbagnate Milanese
Gardone Val Trompia
Ghedi
Giussano
Gorgonzola 
Lainate
Lecco
Legnano
Lissone
Lodi
Lodi Vecchio
Lonato del Garda
Luino
Lurate Caccivio
Magenta 
Mantova
Manerbio
Mariano 
Martinengo
Meda
Melegnano
Melzo
Merate
Milano	
Montichiari
Monza
Morbegno
Mortara
Muggiò
Novate Milanese
Olgiate Comasco
Orio al Serio
Paderno Dugnano
Palazzolo sull'Oglio
Parabiago
Paullo
Pavia
Peschiera Borromeo
Pioltello
Pontida
Rho
Rozzano
Romano di Lombardia
Salò
Samarate
San Donato Milanese
San Giuliano Milanese
San Martino Siccomario
Sant'Angelo Lodigiano
Saronno
Segrate
Seregno
Seriate
Sesto Calende
Sesto San Giovanni
Seveso
Somma Lombardo
Soncino
Sondrio
Soresina
Sotto il Monte Giovanni XXIII
Stradella
Suzzara
Tradate
Travagliato
Treviglio
Trezzo sull'Adda
Varese
Varedo
Valmadrera
Vigevano
Vimercate
Voghera
Ancona
Ascoli Piceno
Camerino
Castelplanio
Corridonia
Fabriano
Fermo
Grottammare
Macerata
Matelica
Montalto delle Marche
Montecassiano
Osimo
Ostra
Porto Recanati
Porto Sant'Elpidio
Pergola
Pesaro
Recanati
Ripatransone
San Benedetto del Tronto
San Severino Marche
Senigallia
Tolentino
Treia
Urbino
Bojano
Campobasso città rosso
Campobasso	
Isernia
Larino
Riccia
Venafro
Acqui Terme
Alba 
Alessandria
Arona
Asti
Avigliana	
Biella
Borgaro Torinese
Borgomanero
Boves
Bra
Busca
Candelo	Biella	
Canelli
Cannobio
Carignano
Carmagnola
Casale Monferrato
Caselle Torinese
Castellamonte
Cavallermaggiore
Ceva
Chieri
Chivasso
Cirié
Collegno
Cuneo
Domodossola
Fossano
Garessio
Gravellona Toce
Ivrea
Lanzo Torinese
Moncalieri
Moncalvo
Mondovì
Nichelino
Nizza Monferrato
Novara
Novi Ligure
Oleggio
Omegna
Orbassano
Ormea
Ovada
Pinerolo
Piossasco
Racconigi
Rivarolo Canavese
Saluzzo
San Mauro Torinese
San Salvatore Monferrato
Santena
Savigliano
Settimo Torinese
Stresa
Susa
Torino
Tortona
Trecate]
Venaria Reale
Verbania
Vercelli
Villadossola
Alessano
Altamura
Andria
Apricena
Ascoli Satriano
Bari
Barletta
Bitetto
Bitonto
Brindisi
Campi Salentina
Canosa di Puglia
Casarano
Ceglie Messapica
Cerignola
Conversano
Fasano
Foggia
Francavilla Fontana
Galatina
Galatone
Ginosa
Grottaglie
Grumo Appula
Lecce
Latiano
Lucera
Maglie
Manfredonia
Massafra
Martina Franca
Matino
Melendugno
Mesagne
Miggiano
Modugno
Molfetta
Monopoli
Monteroni di Lecce
Muro Leccese
Nardò
Oria
Ostuni
Otranto
Poggiardo
Racale
Rodi Garganico
San Marco in Lamis
San Severo
Santa Cesarea Terme
San Vito dei Normanni
Squinzano
Taranto
Taurisano
Taviano
Trani
Trinitapoli
Ugento
Vernole
Alghero
Bosa
Cagliari
Carbonia
Castelsardo
Iglesias
Ittiri
Lanusei
Macomer
Nuoro
Olbia
Oristano
Ozieri
Quartu Sant'Elena
Sassari
Siniscola
Sorso
Tempio Pausania
Tortolì
Acireale
Agrigento
Barcellona Pozzo di Gotto
Bivona
Caltagirone
Caltanissetta
Canicattì
Carini
Castelvetrano
Catania
Cefalu
Cefalù
Enna
Ispica
Lentini
Marsala
Mazara del Vallo
Messina
Milazzo
Mistretta
Mineo
Modica
Monreale
Naro
Pachino
Palermo
Paternò
Patti
Piazza Armerina
Porto Empedocle
Ragusa
San Cataldo 
San Cataldo	Caltanissetta
Siracusa
Sciacca
Taormina
Trapani
Arezzo
Aulla
Barga
Camaiore
Carrara
Castelnuovo di Garfagnana
Chiusi
Colle di Val d'Elsa
Castiglion Fiorentino
Cortona
Fiesole
Firenze
Fivizzano
Follonica
Grosseto
Livorno
Lucca
Massa 
Massa e Carrara	
Massa Marittima
Montecatini Terme
Monte San Savino
Montevarchi
Montepulciano
Orbetello
Pescia
Pietrasanta
Piombino
Pisa
Pistoia
Pontedera
Pontremoli
Prato
Sansepolcro
Seravezza
Siena
Viareggio
Villafranca in Lunigiana
Volterra
Arco
Bolzano
Bressanone
Brunico
Klausen Suedtirol 
Chiusa	
Glorenza
Laives
Levico Terme
Merano
Pergine Valsugana
Riva del Garda
Rovereto
Trento
Vipiteno
Amelia 
Assisi
Città della Pieve
Foligno
Gualdo Tadino
Gubbio
Narni
Orvieto
Perugia
Terni
Todi
Aosta
Adria
Albignasego
Arzignano
Asolo
Badia Polesine
Bassano del Grappa
Belluno
Bovolone
Campodarsego
Camposampiero
Castelfranco Veneto
Cerea
Chioggia
Cittadella 
Cologna Veneta
Conegliano
Eraclea
Este 
Feltre
Jesolo
Lendinara
Lonigo
Marostica
Mestre
Mirano
Mogliano Veneto
Montagnana
Montebelluna
Montegrotto Terme
Motta di Livenza
Oderzo
Oppeano
Padova
Piove di Sacco
Portogruaro
Porto Viro
Roncade
Rovigo
San Donà di Piave
San Martino di Lupari
Schio
Treviso
Valdagno
Venezia
Verona
Vicenza
Villafranca di Verona
Villorba
Vittorio Veneto
Atessa
Avezzano
Campli
Castel Di Sangro
Celano
Chieti
Fossacesia
Giulianova
L'Aquila
Lanciano
Manoppello
Montesilvano
Pescara
Slipper
Peoples
San Salvo
Scurcola Marsicana
Spoltore
Sulmona
Tagliacozzo
Teramo
Chieti
Avigliano
Bernalda
Ferrandina
Hairy
Sink
Maratea
Matera
Melfi
Montescaglioso
Wall
Pisticci
Policoro
Power
Rionero
Tricarico
Tursi
Tito
Venosa
Acre
Amantea
Bisignano
Castrovillari
Catanzaro
Corigliano
Cosenza
Crotone
Cutro
Gerace
Joy
Lamezia
Locri
Nicotera
Palmi
Reggio Calabria
Petilia Policastro
Rogliano
Rosario
Rossano
Soverato
Soveria Marinelli
Squillace
Terranova Sappo Minulio
Vibo Valentia V
Villa San Giovanni
Acerra
Afragola
Agropoli
Alife
Amalfi
Apollosa
Ariano Irpino
Arzano
Avellino
Aversa
Battipaglia
Bellona
Benevento
Buonalbergo
Campaign
Capri
Capua
Caserta
Castel Volturno
Cava De ' Tyrrhenians
Cervinara
Contursi Terme
Eboli
Herculaneum
Fisciano
Foglianise
Frattamaggiore
Giffoni Valle Piana
Giugliano In Campania
Giugliano
Lump Nevano
Marano Di Napoli
Marano
Marcianise
Marigliano
Mignano Monte Lungo
Mignano
Mirabella Eclanum
Moiano
Molinara
Mondragone
Montesarchio
Naples
Nocera Superiore
Nocera
Nola
Pannarano
Piano Di Sorrento
Sorrento
Pomigliano D'Arco
Pompeii
Arcade
Qualiano
Roccadaspide
Roccarainola
Sala Consilina
Salerno
Sant'Agata De 'Goti
Sapri
Saviano
Scafati
Scisciano
Solofra
Teggiano
Telese Terme
Torre Annunziata
Tower Of The Greek
Venticano
Vico Equense
Bobbio
Bologna
Bondeno
Busseto
Carpi
Castelfranco Emilia
Castel Maggiore
Castel San Pietro Terme
Castelnuovo Di Sotto
Hundred
Cesena
Correggio
Crevalcore
Ferrara
Fidenza
Fiorano
Fiorenzuola D'Arda
Fiorenzuola
Forli
Granarolo Emilia
Guastalla
Imola
Maranello
Massa Lombarda
Meldola
Mirandola
Modena
Modigliana
Montecchio
Novellara
Parma
Piacenza
Predappio
Ravenna
Reggio Emilia
Riccione
Rimini
Riolo Terme
Russians
Salsomaggiore Terme
San Giovanni In Persiceto
Sasso Marconi
Sassuolo
Vignola
Casarsa Della Delizia
Cervignano Del Friuli
Cividale Del Friuli
Codroipo
Cordenons
Cormons
Gemona
Gorizia
Gradisca D'Isonzo
Degree
Latisana
Lignano Sabbiadoro
Maniago
Monfalcone
Palmanova
Porcia
Pordenone
Sacile
San Daniele Del Friuli
Spilimbergo
Tarcento
Tolmezzo
Trieste
Udine
Alvito
Anguillara
Arpino
Castel Gandolfo
Ceccano
Ceprano
Ciampino
Civitavecchia
Cori
Funds
Formia
Frascati
Ferentino
Frosinone
Gaeta
Genzano Di Roma
Guidonia Montecelio
Ladispoli
Latin
Marine
Monte Porzio Catone
Monterotondo
Neptune
Piedimonte San Germano
Pomezia
Privett
Rieti
Rome
Santa Marinella
Sezze
Tarquinia
Terracina
Tuscania
Velletri
Viterbo
Liguria
Albenga
Albisola
Cairo Montenotte
Camogli
Camporosso
Chiavari
Finale Ligure
Genoa
Imperia
Blackboard
La Spezia
Lerici
Rapallo
Recco
Sanremo
Sarzana
Savona
Varazze
Ventimiglia
Lombardy
Abbiategrasso
Albino
Raise Lombardo
Angera
Appiano Gentile
Arese
Buttonhole
Belgaum
Bergamo
Besana In Brianza
Branded
Brescia
Brugherio
Busto Arsizio
Calolziocorte
Trusses San Gervasio
City Of Caravaggio
Caravaggio
Casalmaggiore
Casalpusterlengo
First Casorate
Cassano Magnano
Castano Primo
Casteggio
Castel Goffredo
Castellanza
Castelleone
Castiglione Delle Stiviere
Cernobbio
Cernusco
Cesano Maderno
Chiari
Cinisello Balsamo
Codogno
Cologno Monzese
Como
Concorezzo
Corbetta
Corsico
Cream
Cremona
Curtatone
Dalmine
Darfo
Desenzano Del Garda
Desio
Grass
Gallarate
Garbagnate Milanese
Gardone Val Trompia
Ghedi
Giussano
Gorgonzola
Lainate
Lecco
Legnano
Liss
Lodi
Lodi Vecchio
Lonato
Luino
Lurate Caccivio
Magenta
Mantua
Manerbio
Marian
Martinengo
Buoy
Melegnano
Melzo
Merate
Milan
Montichiari
Monza
Morbegno
Mortara
Muggiò
Novate Milanese
Olgiate Comasco
Orio Al Serio
Paderno Dugnano
Palazzolo
Parabiago
Paullo
Pavia
Peschiera Borromeo
Pioltello
Pontida
Rho
Rozzano
Romano Di Lombardia
Salo
Samarate
San Donato Milanese
San Giuliano Milanese
San Martino Siccomario
Sant'Angelo Lodi
Saronno
Segrate
Seregno
Serial
Sixth Kalends
Sesto San Giovanni
Seveso
Somma Lombardo
Soncino
Sondrio
Soresina
Sotto Il Monte Giovanni Xxiii
Stradella
Suzzara
Tradate
Troubled
Treviglio
Trezzo
Varese
Varedo
Valmadrera
Vigevano
Vimercate
Voghera
Ancon
Ascoli Piceno
Dressing Room
Castelplanio
Corridonia
Fabriano

Groton
Macerata
Matelica
Montalto Delle Marche
Montecassiano
Osimo
Ostra
Porto Recanati
Porto Sant 'Elpidio
Pergola
Pesaro
Recanati
Ripatransone
San Benedetto Del Tronto
San Severino Marche
Senigallia
Tolentino
Treia
Urbino
Molise
Bojano
Campobasso Town Red
Campobasso
Isernia
Larino
Curly
Venafro
Piedmont
Acqui Terme
Sunrise
Alexandria
Arona
Asti
Avigliana
Piston Rod
Borgaro Torinese
Borgomanero
Boves
Bra
Busca
Candelo Biella
Canelli
Cannobio
Carignano
Carmagnola
Casale Monferrato
Caselle Torinese
Castellamonte
Cavallermaggiore
Ceva
Chieri
Chivasso
Cirie
Collegno
Wedge
Domodossola
Fossano
Garessio
Gravellona Toce
Ivrea
Lanzo Torinese
Moncalieri
Moncalvo
Mondovi
Nicholasville
Nizza Monferrato
Novara
Novi Ligure
Oleggio
Omegna
Orbassano
Ormea
Ovada
Pinerolo
Piossasco
Racconigi
Rivarolo Canavese
Saluzzo
San Mauro Torinese
San Salvatore Monferrato
Santena
Savigliano
Settimo Torinese
Stresa
Susa
Turin
Tortona
Trecate ]
Venaria Reale
Verbania
Vercelli
Villadossola
Puglia
Alessano
Altamura
Andria
Apricena
Ascoli Satriano
Bari
Barletta
Bitetto
Bitonto
Toast
Salento Fields
Canosa Di Puglia
Casarano
Ceglie
Cerignola
Conversano
Fasano
Shape
Francavilla Fontana
Galatina
Galatone
Ginosa
Grottaglie
Lump Appula
Lecce
Latimer
Lucera
Sweaters
Manfredonia
Massafra
Martina Franca
Matino
Melendugno
Mesa
Miggiano
Modugno
Molfetta
Monopoly
Monteroni Of Lecce
Muro Leccese
Nardo
Oria
Ostuni
Otranto
Poggiardo
Racale
Rhodes Garganico
San Marco In Lamis
San Severo
Santa Cesarea Terme
San Vito Dei Norman
Squinzano
Taranto
Taurisano
Tavistock
Trani
Tring
Ugento
Vernole
Sardinia
Alghero
Bosa
Cagliari
Carbonia
Castelsardo
Iglesias
Ittiri
Fleecy
Macon
Nuoro
Olbia
Oristano
Ozieri
St. Helens
Sassari
Siniscola
Sip
Tempio
Tortoli
Acireale
Agrigento
Barcellona Pozzo Di Gotto
Bivona
Caltagirone
Caltanissetta
Canicattì
Carini
Castelvetrano
Catania
Cefalu
Cefalu
Enna
Ispica
Lentini
Marsala
Mazara Del Vallo
Messina
Milazzo
Mistretta
Mineo
Modica
Monreale
Naro
Pachino
Palermo
Paterno
Patti
Piazza Armerina
Porto Empedocles
Ragusa
San Cataldo
San Cataldo, Caltanissetta
Syracuse
Sciacca
Taormina
Trapani
Arezzo
Aulla
Barga
Camaiore
Carrara
Castelnuovo Di Garfagnana
Closed
Colle Di Val D'Elsa
Castiglion Fiorentino
Cortona
Fiesole
Florence
Fivizzano
Follonica
Grosseto
Leghorn
Lucca
Mass
Massa And Carrara
Massa Marittima
Montecatini Terme
Monte San Savino
Montevarchi
Montepulciano
Orbetello
Pescia
Pietrasanta
Plummet
Pisa
Pistoia
Pontedera
Pontremoli
Lawn
Sansepolcro
Seravezza
Sienna
Viareggio
Villafranca In Lunigiana
Volterra
Trentino-Alto Adige
Trentino Alto Adige
Arc
Bolzano
Bressanone
Brunico
Klausen Südtirol
Sluice
Glorenza
Laives
Levico Terme
Merano
Pergine
Riva Del Garda
Rovereto
Trent
Vipiteno
Umbria
Amelia
Assisi
Città Della Pieve
Foligno
Gualdo Tadino
Gubbio
Narni
Orvieto
Perugia
Terni
Todi

Aosta

Adria
Albignasego
Arzignano
Asolo
Badia Polesine
Bassano Del Grappa
Belluno
Bovolone
Campodarsego
Camposampiero
Castelfranco Veneto
Ceredigion
Chioggia
Citadel
Cologna Veneta
Conegliano
Eraclea
Este
Feltre
Jesolo
Lendinara
Lonigo
Marostica
Mestre
Mirano
Mogliano Veneto
Montagnana
Montebelluna
Abano Terme
Motta Di Livenza
Oderzo
Oppeano
Padua
It Is Raining Di Sacco
Portogruaro
Porto Viro
Roncade
Rovigo
San Dona Di Piave
San Martino Di Lupari
Schio
Treviso
Valdagno
Venice
Verona
Vicenza
Villafranca Di Verona
Villorba
Vittorio Veneto

Bagno a Ripoli      
Barberino di Mugello
Barberino Val d'Elsa
Borgo San Lorenzo
Calenzano
Campi Bisenzio
Capraia e Limite
Castelfiorentino
Cerreto Guidi
Certaldo
Dicomano
Empoli
Fiesole
Figline Valdarno
Firenze
Firenzuola
Fucecchio     
Gambassi Terme      
Greve in Chianti
Impruneta
Incisa in Val d'Arno
Lastra a Signa
Londa
Marradi
Montaione
Montelupo Fiorentino
Montespertoli
Palazzuolo sul Senio
Pelago
Pontassieve
Reggello
Rignano sull'Arno
Rufina
San Casciano in Val di Pesa
San Godenzo
San Piero a Sieve
Scandicci
Scarperia
Sesto Fiorentino
Signa
Tavarnelle Val di Pesa
Vaglia
Vicchio 
Vinci

